ARM Linker, 5.03 [Build 76] [MDK-ARM Standard]

==============================================================================

Section Cross References

    main.o(i.BMI160_Config_0) refers to stm32f4xx_hal_gpio.o(i.HAL_GPIO_WritePin) for HAL_GPIO_WritePin
    main.o(i.BMI160_Config_0) refers to stm32f4xx_hal.o(i.HAL_Delay) for HAL_Delay
    main.o(i.BMI160_Config_0) refers to stm32f4xx_hal_spi.o(i.HAL_SPI_Transmit) for HAL_SPI_Transmit
    main.o(i.BMI160_Config_0) refers to stm32f4xx_hal_spi.o(i.HAL_SPI_Receive) for HAL_SPI_Receive
    main.o(i.BMI160_Config_0) refers to main.o(i.info_printf) for info_printf
    main.o(i.BMI160_Config_0) refers to main.o(.data) for addr
    main.o(i.BMI160_Config_0) refers to main.o(.bss) for hspi2
    main.o(i.BMI160_Config_1) refers to stm32f4xx_hal_gpio.o(i.HAL_GPIO_WritePin) for HAL_GPIO_WritePin
    main.o(i.BMI160_Config_1) refers to stm32f4xx_hal.o(i.HAL_Delay) for HAL_Delay
    main.o(i.BMI160_Config_1) refers to stm32f4xx_hal_spi.o(i.HAL_SPI_Transmit) for HAL_SPI_Transmit
    main.o(i.BMI160_Config_1) refers to stm32f4xx_hal_spi.o(i.HAL_SPI_Receive) for HAL_SPI_Receive
    main.o(i.BMI160_Config_1) refers to main.o(i.info_printf) for info_printf
    main.o(i.BMI160_Config_1) refers to main.o(.data) for addr
    main.o(i.BMI160_Config_1) refers to main.o(.bss) for hspi2
    main.o(i.BMI160_Getdata_0) refers to stm32f4xx_hal_gpio.o(i.HAL_GPIO_WritePin) for HAL_GPIO_WritePin
    main.o(i.BMI160_Getdata_0) refers to stm32f4xx_hal.o(i.HAL_Delay) for HAL_Delay
    main.o(i.BMI160_Getdata_0) refers to stm32f4xx_hal_spi.o(i.HAL_SPI_Transmit) for HAL_SPI_Transmit
    main.o(i.BMI160_Getdata_0) refers to stm32f4xx_hal_spi.o(i.HAL_SPI_Receive) for HAL_SPI_Receive
    main.o(i.BMI160_Getdata_0) refers to main.o(.data) for addr
    main.o(i.BMI160_Getdata_0) refers to main.o(.bss) for hspi2
    main.o(i.BMI160_Getdata_1) refers to stm32f4xx_hal_gpio.o(i.HAL_GPIO_WritePin) for HAL_GPIO_WritePin
    main.o(i.BMI160_Getdata_1) refers to stm32f4xx_hal.o(i.HAL_Delay) for HAL_Delay
    main.o(i.BMI160_Getdata_1) refers to stm32f4xx_hal_spi.o(i.HAL_SPI_Transmit) for HAL_SPI_Transmit
    main.o(i.BMI160_Getdata_1) refers to stm32f4xx_hal_spi.o(i.HAL_SPI_Receive) for HAL_SPI_Receive
    main.o(i.BMI160_Getdata_1) refers to main.o(.data) for addr
    main.o(i.BMI160_Getdata_1) refers to main.o(.bss) for hspi2
    main.o(i.BMI160_Read_ID_0) refers to stm32f4xx_hal_gpio.o(i.HAL_GPIO_WritePin) for HAL_GPIO_WritePin
    main.o(i.BMI160_Read_ID_0) refers to stm32f4xx_hal.o(i.HAL_Delay) for HAL_Delay
    main.o(i.BMI160_Read_ID_0) refers to stm32f4xx_hal_spi.o(i.HAL_SPI_Transmit) for HAL_SPI_Transmit
    main.o(i.BMI160_Read_ID_0) refers to stm32f4xx_hal_spi.o(i.HAL_SPI_Receive) for HAL_SPI_Receive
    main.o(i.BMI160_Read_ID_0) refers to main.o(i.info_printf) for info_printf
    main.o(i.BMI160_Read_ID_0) refers to main.o(.data) for addr
    main.o(i.BMI160_Read_ID_0) refers to main.o(.bss) for hspi2
    main.o(i.BMI160_Read_ID_1) refers to stm32f4xx_hal_gpio.o(i.HAL_GPIO_WritePin) for HAL_GPIO_WritePin
    main.o(i.BMI160_Read_ID_1) refers to stm32f4xx_hal.o(i.HAL_Delay) for HAL_Delay
    main.o(i.BMI160_Read_ID_1) refers to stm32f4xx_hal_spi.o(i.HAL_SPI_Transmit) for HAL_SPI_Transmit
    main.o(i.BMI160_Read_ID_1) refers to stm32f4xx_hal_spi.o(i.HAL_SPI_Receive) for HAL_SPI_Receive
    main.o(i.BMI160_Read_ID_1) refers to main.o(i.info_printf) for info_printf
    main.o(i.BMI160_Read_ID_1) refers to main.o(.data) for addr
    main.o(i.BMI160_Read_ID_1) refers to main.o(.bss) for hspi2
    main.o(i.BMI_Process) refers to main.o(i.BMI160_Getdata_0) for BMI160_Getdata_0
    main.o(i.BMI_Process) refers to main.o(i.BMI160_Getdata_1) for BMI160_Getdata_1
    main.o(i.BMI_Process) refers to usbd_cdc_if.o(i.CDC_Transmit_FS) for CDC_Transmit_FS
    main.o(i.BMI_Process) refers to main.o(.data) for freqT
    main.o(i.BMI_Process) refers to stm32f4xx_hal.o(.data) for uwTick
    main.o(i.BMI_Process) refers to main.o(.bss) for BMI_buff_0
    main.o(i.CMD_Process) refers to _scanf_int.o(.text) for _scanf_int
    main.o(i.CMD_Process) refers to main.o(i.info_printf) for info_printf
    main.o(i.CMD_Process) refers to stm32f4xx_hal_uart.o(i.HAL_UART_Receive_DMA) for HAL_UART_Receive_DMA
    main.o(i.CMD_Process) refers to stm32f4xx_hal_gpio.o(i.HAL_GPIO_WritePin) for HAL_GPIO_WritePin
    main.o(i.CMD_Process) refers to main.o(i.BMI160_Read_ID_0) for BMI160_Read_ID_0
    main.o(i.CMD_Process) refers to main.o(i.BMI160_Read_ID_1) for BMI160_Read_ID_1
    main.o(i.CMD_Process) refers to main.o(i.BMI160_Config_0) for BMI160_Config_0
    main.o(i.CMD_Process) refers to main.o(i.BMI160_Config_1) for BMI160_Config_1
    main.o(i.CMD_Process) refers to main.o(i.BMI160_Getdata_0) for BMI160_Getdata_0
    main.o(i.CMD_Process) refers to main.o(i.BMI160_Getdata_1) for BMI160_Getdata_1
    main.o(i.CMD_Process) refers to stm32f4xx_hal_tim.o(i.HAL_TIM_Base_Stop_IT) for HAL_TIM_Base_Stop_IT
[...]
    i.USB_FlushRxFifo                        0x08007d10   Section        0  stm32f4xx_ll_usb.o(i.USB_FlushRxFifo)
    i.USB_FlushTxFifo                        0x08007d3c   Section        0  stm32f4xx_ll_usb.o(i.USB_FlushTxFifo)
    i.USB_GetDevSpeed                        0x08007d6c   Section        0  stm32f4xx_ll_usb.o(i.USB_GetDevSpeed)
    i.USB_GetMode                            0x08007d92   Section        0  stm32f4xx_ll_usb.o(i.USB_GetMode)
    i.USB_ReadDevAllInEpInterrupt            0x08007d9c   Section        0  stm32f4xx_ll_usb.o(i.USB_ReadDevAllInEpInterrupt)
    i.USB_ReadDevAllOutEpInterrupt           0x08007db0   Section        0  stm32f4xx_ll_usb.o(i.USB_ReadDevAllOutEpInterrupt)
    i.USB_ReadDevInEPInterrupt               0x08007dc4   Section        0  stm32f4xx_ll_usb.o(i.USB_ReadDevInEPInterrupt)
    i.USB_ReadDevOutEPInterrupt              0x08007df6   Section        0  stm32f4xx_ll_usb.o(i.USB_ReadDevOutEPInterrupt)
    i.USB_ReadInterrupts                     0x08007e10   Section        0  stm32f4xx_ll_usb.o(i.USB_ReadInterrupts)
    i.USB_ReadPacket                         0x08007e1a   Section        0  stm32f4xx_ll_usb.o(i.USB_ReadPacket)
    i.USB_SetCurrentMode                     0x08007e3c   Section        0  stm32f4xx_ll_usb.o(i.USB_SetCurrentMode)
    i.USB_SetDevAddress                      0x08007e72   Section        0  stm32f4xx_ll_usb.o(i.USB_SetDevAddress)
    i.USB_SetDevSpeed                        0x08007ea0   Section        0  stm32f4xx_ll_usb.o(i.USB_SetDevSpeed)
    i.USB_SetTurnaroundTime                  0x08007eb8   Section        0  stm32f4xx_ll_usb.o(i.USB_SetTurnaroundTime)
    i.USB_WritePacket                        0x08007fa0   Section        0  stm32f4xx_ll_usb.o(i.USB_WritePacket)
    i.UsageFault_Handler                     0x08007fdc   Section        0  stm32f4xx_it.o(i.UsageFault_Handler)
    i.__0vsprintf                            0x08007fe0   Section        0  printfa.o(i.__0vsprintf)
    i.__ARM_fpclassify                       0x08008004   Section        0  fpclassify.o(i.__ARM_fpclassify)
    i.__NVIC_GetPriorityGrouping             0x08008034   Section        0  stm32f4xx_hal_cortex.o(i.__NVIC_GetPriorityGrouping)
    __NVIC_GetPriorityGrouping               0x08008035   Thumb Code    10  stm32f4xx_hal_cortex.o(i.__NVIC_GetPriorityGrouping)
    i.__NVIC_SetPriority                     0x08008044   Section        0  stm32f4xx_hal_cortex.o(i.__NVIC_SetPriority)
    __NVIC_SetPriority                       0x08008045   Thumb Code    32  stm32f4xx_hal_cortex.o(i.__NVIC_SetPriority)
    i.__hardfp_sin                           0x08008070   Section        0  sin.o(i.__hardfp_sin)
    i.__hardfp_sqrt                          0x08008148   Section        0  sqrt.o(i.__hardfp_sqrt)
    i.__ieee754_rem_pio2                     0x080081c8   Section        0  rred.o(i.__ieee754_rem_pio2)
    i.__kernel_cos                           0x08008620   Section        0  cos_i.o(i.__kernel_cos)
    i.__kernel_poly                          0x08008790   Section        0  poly.o(i.__kernel_poly)
    i.__kernel_sin                           0x08008888   Section        0  sin_i.o(i.__kernel_sin)
    i.__mathlib_dbl_underflow                0x080089b8   Section        0  dunder.o(i.__mathlib_dbl_underflow)
    i.__scatterload_copy                     0x080089d8   Section       14  handlers.o(i.__scatterload_copy)
    i.__scatterload_null                     0x080089e6   Section        2  handlers.o(i.__scatterload_null)
    i.__scatterload_zeroinit                 0x080089e8   Section       14  handlers.o(i.__scatterload_zeroinit)
    i.__set_errno                            0x080089f8   Section        0  errno.o(i.__set_errno)
    i._fp_digits                             0x08008a04   Section        0  printfa.o(i._fp_digits)
    _fp_digits                               0x08008a05   Thumb Code   326  printfa.o(i._fp_digits)
    i._printf_core                           0x08008b60   Section        0  printfa.o(i._printf_core)
    _printf_core                             0x08008b61   Thumb Code  1762  printfa.o(i._printf_core)
    i._printf_post_padding                   0x08009250   Section        0  printfa.o(i._printf_post_padding)
    _printf_post_padding                     0x08009251   Thumb Code    38  printfa.o(i._printf_post_padding)
    i._printf_pre_padding                    0x08009276   Section        0  printfa.o(i._printf_pre_padding)
    _printf_pre_padding                      0x08009277   Thumb Code    48  printfa.o(i._printf_pre_padding)
    i._sputc                                 0x080092a6   Section        0  printfa.o(i._sputc)
    _sputc                                   0x080092a7   Thumb Code    10  printfa.o(i._sputc)
    i.fabs                                   0x080092b0   Section        0  fabs.o(i.fabs)
    i.free                                   0x080092d0   Section        0  malloc.o(i.free)
    i.info_printf                            0x08009320   Section        0  main.o(i.info_printf)
    i.main                                   0x08009360   Section        0  main.o(i.main)
    i.malloc                                 0x080093f4   Section        0  malloc.o(i.malloc)
    .constdata                               0x08009460   Section      149  main.o(.constdata)
    .constdata                               0x080094f5   Section        8  stm32f4xx_hal_dma.o(.constdata)
    flagBitshiftOffset                       0x080094f5   Data           8  stm32f4xx_hal_dma.o(.constdata)
    .constdata                               0x080094fd   Section       24  system_stm32f4xx.o(.constdata)
    .constdata                               0x08009518   Section       48  cos_i.o(.constdata)
    C                                        0x08009518   Data          48  cos_i.o(.constdata)
    .constdata                               0x08009548   Section      200  rred.o(.constdata)
    pio2s                                    0x08009548   Data          48  rred.o(.constdata)
    twooverpi                                0x08009578   Data         152  rred.o(.constdata)
    .constdata                               0x08009610   Section       40  sin_i.o(.constdata)
    S                                        0x08009610   Data          40  sin_i.o(.constdata)
    .constdata                               0x08009638   Section       64  ctype_c.o(.constdata)
    .data                                    0x20000000   Section       60  main.o(.data)
    .data                                    0x2000003c   Section       78  usbd_desc.o(.data)
    .data                                    0x2000008c   Section       17  usbd_cdc_if.o(.data)
    .data                                    0x200000a0   Section       12  stm32f4xx_hal.o(.data)
    .data                                    0x200000ac   Section        4  system_stm32f4xx.o(.data)
    .data                                    0x200000b0   Section        1  usbd_ctlreq.o(.data)
    cfgidx                                   0x200000b0   Data           1  usbd_ctlreq.o(.data)
    .data                                    0x200000b4   Section      271  usbd_cdc.o(.data)
    USBD_CDC_DeviceQualifierDesc             0x200000b4   Data          10  usbd_cdc.o(.data)
    .data                                    0x200001c4   Section        4  mvars.o(.data)
    .data                                    0x200001c8   Section        4  mvars.o(.data)
    .data                                    0x200001cc   Section        4  errno.o(.data)
    _errno                                   0x200001cc   Data           4  errno.o(.data)
    .bss                                     0x200001d0   Section     4688  main.o(.bss)
    .bss                                     0x20001420   Section      668  usb_device.o(.bss)
    .bss                                     0x200016bc   Section     1032  usbd_conf.o(.bss)
    .bss                                     0x20001ac4   Section      512  usbd_desc.o(.bss)
    .bss                                     0x20001cc4   Section     4096  usbd_cdc_if.o(.bss)
    HEAP                                     0x20002cc8   Section     4096  startup_stm32f407xx.o(HEAP)
    STACK                                    0x20003cc8   Section     1024  startup_stm32f407xx.o(STACK)

    Global Symbols

    Symbol Name                              Value     Ov Type        Size  Object(Section)

    BuildAttributes$$THM_ISAv4$E$P$D$K$B$S$7EM$VFPi3$EXTD16$VFPS$VFMA$PE$A:L22UL41UL21$X:L11$S22US41US21$IEEE1$IW$USESV6$~STKCKD$USESV7$~SHL$OTIME$ROPI$IEEEX$EBA8$MICROLIB$REQ8$PRES8$EABIv2 0x00000000   Number         0  anon$$obj.o ABSOLUTE
    __ARM_use_no_argv                        0x00000000   Number         0  main.o ABSOLUTE
    __cpp_initialize__aeabi_                  - Undefined Weak Reference
    __cxa_finalize                            - Undefined Weak Reference
    _clock_init                               - Undefined Weak Reference
    _microlib_exit                            - Undefined Weak Reference
    _scanf_longlong                           - Undefined Weak Reference
    _scanf_real                               - Undefined Weak Reference
    _scanf_string                             - Undefined Weak Reference
    __Vectors_Size                           0x00000188   Number         0  startup_stm32f407xx.o ABSOLUTE
    __Vectors                                0x08000000   Data           4  startup_stm32f407xx.o(RESET)
    __Vectors_End                            0x08000188   Data           0  startup_stm32f407xx.o(RESET)
    __main                                   0x08000189   Thumb Code     0  entry.o(.ARM.Collect$$$$00000000)
    _main_stk                                0x08000189   Thumb Code     0  entry2.o(.ARM.Collect$$$$00000001)
    _main_scatterload                        0x0800018d   Thumb Code     0  entry5.o(.ARM.Collect$$$$00000004)
    __main_after_scatterload                 0x08000191   Thumb Code     0  entry5.o(.ARM.Collect$$$$00000004)
    _main_clock                              0x08000191   Thumb Code     0  entry7b.o(.ARM.Collect$$$$00000008)
    _main_cpp_init                           0x08000191   Thumb Code     0  entry8b.o(.ARM.Collect$$$$0000000A)
    _main_init                               0x08000191   Thumb Code     0  entry9a.o(.ARM.Collect$$$$0000000B)
    __rt_final_cpp                           0x08000199   Thumb Code     0  entry10a.o(.ARM.Collect$$$$0000000D)
    __rt_final_exit                          0x08000199   Thumb Code     0  entry11a.o(.ARM.Collect$$$$0000000F)
    Reset_Handler                            0x0800019d   Thumb Code     8  startup_stm32f407xx.o(.text)
    ADC_IRQHandler                           0x080001b7   Thumb Code     0  startup_stm32f407xx.o(.text)
    CAN1_RX0_IRQHandler                      0x080001b7   Thumb Code     0  startup_stm32f407xx.o(.text)
    CAN1_RX1_IRQHandler                      0x080001b7   Thumb Code     0  startup_stm32f407xx.o(.text)
    CAN1_SCE_IRQHandler                      0x080001b7   Thumb Code     0  startup_stm32f407xx.o(.text)
    CAN1_TX_IRQHandler                       0x080001b7   Thumb Code     0  startup_stm32f407xx.o(.text)
    CAN2_RX0_IRQHandler                      0x080001b7   Thumb Code     0  startup_stm32f407xx.o(.text)
    CAN2_RX1_IRQHandler                      0x080001b7   Thumb Code     0  startup_stm32f407xx.o(.text)
    CAN2_SCE_IRQHandler                      0x080001b7   Thumb Code     0  startup_stm32f407xx.o(.text)
    CAN2_TX_IRQHandler                       0x080001b7   Thumb Code     0  startup_stm32f407xx.o(.text)
    DCMI_IRQHandler                          0x080001b7   Thumb Code     0  startup_stm32f407xx.o(.text)
    DMA1_Stream0_IRQHandler                  0x080001b7   Thumb Code     0  startup_stm32f407xx.o(.text)
    DMA1_Stream1_IRQHandler                  0x080001b7   Thumb Code     0  startup_stm32f407xx.o(.text)
    DMA1_Stream2_IRQHandler                  0x080001b7   Thumb Code     0  startup_stm32f407xx.o(.text)
    DMA1_Stream3_IRQHandler                  0x080001b7   Thumb Code     0  startup_stm32f407xx.o(.text)
    DMA1_Stream4_IRQHandler                  0x080001b7   Thumb Code     0  startup_stm32f407xx.o(.text)
    DMA1_Stream5_IRQHandler                  0x080001b7   Thumb Code     0  startup_stm32f407xx.o(.text)
    DMA1_Stream6_IRQHandler                  0x080001b7   Thumb Code     0  startup_stm32f407xx.o(.text)
    DMA1_Stream7_IRQHandler                  0x080001b7   Thumb Code     0  startup_stm32f407xx.o(.text)
    DMA2_Stream0_IRQHandler                  0x080001b7   Thumb Code     0  startup_stm32f407xx.o(.text)
    DMA2_Stream1_IRQHandler                  0x080001b7   Thumb Code     0  startup_stm32f407xx.o(.text)
    DMA2_Stream3_IRQHandler                  0x080001b7   Thumb Code     0  startup_stm32f407xx.o(.text)
    DMA2_Stream4_IRQHandler                  0x080001b7   Thumb Code     0  startup_stm32f407xx.o(.text)
    DMA2_Stream5_IRQHandler                  0x080001b7   Thumb Code     0  startup_stm32f407xx.o(.text)
    DMA2_Stream6_IRQHandler                  0x080001b7   Thumb Code     0  startup_stm32f407xx.o(.text)
    ETH_IRQHandler                           0x080001b7   Thumb Code     0  startup_stm32f407xx.o(.text)
    ETH_WKUP_IRQHandler                      0x080001b7   Thumb Code     0  startup_stm32f407xx.o(.text)
    EXTI0_IRQHandler                         0x080001b7   Thumb Code     0  startup_stm32f407xx.o(.text)
    EXTI15_10_IRQHandler                     0x080001b7   Thumb Code     0  startup_stm32f407xx.o(.text)
    EXTI1_IRQHandler                         0x080001b7   Thumb Code     0  startup_stm32f407xx.o(.text)
    EXTI2_IRQHandler                         0x080001b7   Thumb Code     0  startup_stm32f407xx.o(.text)
    EXTI3_IRQHandler                         0x080001b7   Thumb Code     0  startup_stm32f407xx.o(.text)
    EXTI4_IRQHandler                         0x080001b7   Thumb Code     0  startup_stm32f407xx.o(.text)
    EXTI9_5_IRQHandler                       0x080001b7   Thumb Code     0  startup_stm32f407xx.o(.text)
    FLASH_IRQHandler                         0x080001b7   Thumb Code     0  startup_stm32f407xx.o(.text)
    FMC_IRQHandler                           0x080001b7   Thumb Code     0  startup_stm32f407xx.o(.text)
    FPU_IRQHandler                           0x080001b7   Thumb Code     0  startup_stm32f407xx.o(.text)
    HASH_RNG_IRQHandler                      0x080001b7   Thumb Code     0  startup_stm32f407xx.o(.text)
    I2C1_ER_IRQHandler                       0x080001b7   Thumb Code     0  startup_stm32f407xx.o(.text)
    I2C1_EV_IRQHandler                       0x080001b7   Thumb Code     0  startup_stm32f407xx.o(.text)
    I2C2_ER_IRQHandler                       0x080001b7   Thumb Code     0  startup_stm32f407xx.o(.text)
    I2C2_EV_IRQHandler                       0x080001b7   Thumb Code     0  startup_stm32f407xx.o(.text)
    I2C3_ER_IRQHandler                       0x080001b7   Thumb Code     0  startup_stm32f407xx.o(.text)
    I2C3_EV_IRQHandler                       0x080001b7   Thumb Code     0  startup_stm32f407xx.o(.text)
    OTG_FS_WKUP_IRQHandler                   0x080001b7   Thumb Code     0  startup_stm32f407xx.o(.text)
    OTG_HS_EP1_IN_IRQHandler                 0x080001b7   Thumb Code     0  startup_stm32f407xx.o(.text)
    OTG_HS_EP1_OUT_IRQHandler                0x080001b7   Thumb Code     0  startup_stm32f407xx.o(.text)
    OTG_HS_IRQHandler                        0x080001b7   Thumb Code     0  startup_stm32f407xx.o(.text)
    OTG_HS_WKUP_IRQHandler                   0x080001b7   Thumb Code     0  startup_stm32f407xx.o(.text)
    PVD_IRQHandler                           0x080001b7   Thumb Code     0  startup_stm32f407xx.o(.text)
    RCC_IRQHandler                           0x080001b7   Thumb Code     0  startup_stm32f407xx.o(.text)
    RTC_Alarm_IRQHandler                     0x080001b7   Thumb Code     0  startup_stm32f407xx.o(.text)
    RTC_WKUP_IRQHandler                      0x080001b7   Thumb Code     0  startup_stm32f407xx.o(.text)
    SDIO_IRQHandler                          0x080001b7   Thumb Code     0  startup_stm32f407xx.o(.text)
    SPI1_IRQHandler                          0x080001b7   Thumb Code     0  startup_stm32f407xx.o(.text)
    SPI2_IRQHandler                          0x080001b7   Thumb Code     0  startup_stm32f407xx.o(.text)
    SPI3_IRQHandler                          0x080001b7   Thumb Code     0  startup_stm32f407xx.o(.text)
    TAMP_STAMP_IRQHandler                    0x080001b7   Thumb Code     0  startup_stm32f407xx.o(.text)
    TIM1_BRK_TIM9_IRQHandler                 0x080001b7   Thumb Code     0  startup_stm32f407xx.o(.text)
    TIM1_CC_IRQHandler                       0x080001b7   Thumb Code     0  startup_stm32f407xx.o(.text)
    TIM1_TRG_COM_TIM11_IRQHandler            0x080001b7   Thumb Code     0  startup_stm32f407xx.o(.text)
    TIM1_UP_TIM10_IRQHandler                 0x080001b7   Thumb Code     0  startup_stm32f407xx.o(.text)
    TIM2_IRQHandler                          0x080001b7   Thumb Code     0  startup_stm32f407xx.o(.text)
    TIM3_IRQHandler                          0x080001b7   Thumb Code     0  startup_stm32f407xx.o(.text)
    TIM4_IRQHandler                          0x080001b7   Thumb Code     0  startup_stm32f407xx.o(.text)
    TIM5_IRQHandler                          0x080001b7   Thumb Code     0  startup_stm32f407xx.o(.text)
    TIM8_BRK_TIM12_IRQHandler                0x080001b7   Thumb Code     0  startup_stm32f407xx.o(.text)
    TIM8_CC_IRQHandler                       0x080001b7   Thumb Code     0  startup_stm32f407xx.o(.text)
    TIM8_TRG_COM_TIM14_IRQHandler            0x080001b7   Thumb Code     0  startup_stm32f407xx.o(.text)
    TIM8_UP_TIM13_IRQHandler                 0x080001b7   Thumb Code     0  startup_stm32f407xx.o(.text)
    UART4_IRQHandler                         0x080001b7   Thumb Code     0  startup_stm32f407xx.o(.text)
    UART5_IRQHandler                         0x080001b7   Thumb Code     0  startup_stm32f407xx.o(.text)
    USART2_IRQHandler                        0x080001b7   Thumb Code     0  startup_stm32f407xx.o(.text)
    USART3_IRQHandler                        0x080001b7   Thumb Code     0  startup_stm32f407xx.o(.text)
    USART6_IRQHandler                        0x080001b7   Thumb Code     0  startup_stm32f407xx.o(.text)
    WWDG_IRQHandler                          0x080001b7   Thumb Code     0  startup_stm32f407xx.o(.text)
    __aeabi_uldivmod                         0x080001c1   Thumb Code    98  uldiv.o(.text)
    __aeabi_memcpy                           0x08000223   Thumb Code    36  memcpya.o(.text)
    __aeabi_memcpy4                          0x08000223   Thumb Code     0  memcpya.o(.text)
    __aeabi_memcpy8                          0x08000223   Thumb Code     0  memcpya.o(.text)
    __aeabi_memset                           0x08000247   Thumb Code    14  memseta.o(.text)
    __aeabi_memset4                          0x08000247   Thumb Code     0  memseta.o(.text)
    __aeabi_memset8                          0x08000247   Thumb Code     0  memseta.o(.text)
    __aeabi_memclr                           0x08000255   Thumb Code     4  memseta.o(.text)
    __aeabi_memclr4                          0x08000255   Thumb Code     0  memseta.o(.text)
    __aeabi_memclr8                          0x08000255   Thumb Code     0  memseta.o(.text)
    _memset$wrapper                          0x08000259   Thumb Code    18  memseta.o(.text)
    strlen                                   0x0800026b   Thumb Code    14  strlen.o(.text)
    __0sscanf                                0x08000279   Thumb Code    48  __0sscanf.o(.text)
    _scanf_int                               0x080002b1   Thumb Code   336  _scanf_int.o(.text)
    __aeabi_dadd                             0x08000401   Thumb Code   322  dadd.o(.text)
    __aeabi_dsub                             0x08000543   Thumb Code     6  dadd.o(.text)
    __aeabi_drsub                            0x08000549   Thumb Code     6  dadd.o(.text)
    __aeabi_dmul                             0x0800054f   Thumb Code   228  dmul.o(.text)
    __aeabi_ddiv                             0x08000633   Thumb Code   222  ddiv.o(.text)
    __aeabi_ui2d                             0x08000711   Thumb Code    26  dfltui.o(.text)
    __aeabi_d2uiz                            0x0800072b   Thumb Code    50  dfixui.o(.text)
    __aeabi_uidiv                            0x0800075d   Thumb Code     0  uidiv.o(.text)
    __aeabi_uidivmod                         0x0800075d   Thumb Code    44  uidiv.o(.text)
    __aeabi_llsl                             0x08000789   Thumb Code    30  llshl.o(.text)
    _ll_shift_l                              0x08000789   Thumb Code     0  llshl.o(.text)
    __aeabi_llsr                             0x080007a7   Thumb Code    32  llushr.o(.text)
    _ll_ushift_r                             0x080007a7   Thumb Code     0  llushr.o(.text)
    __aeabi_lasr                             0x080007c7   Thumb Code    36  llsshr.o(.text)
    _ll_sshift_r                             0x080007c7   Thumb Code     0  llsshr.o(.text)
    _chval                                   0x080007eb   Thumb Code    28  _chval.o(.text)
    __vfscanf_char                           0x08000815   Thumb Code    20  scanf_char.o(.text)
    _sgetc                                   0x08000831   Thumb Code    30  _sgetc.o(.text)
    _sbackspace                              0x0800084f   Thumb Code    34  _sgetc.o(.text)
    __I$use$fp                               0x08000871   Thumb Code     0  iusefp.o(.text)
    _double_round                            0x08000871   Thumb Code    26  depilogue.o(.text)
    _double_epilogue                         0x0800088b   Thumb Code   164  depilogue.o(.text)
    _dsqrt                                   0x0800092f   Thumb Code   162  dsqrt.o(.text)
    __aeabi_d2ulz                            0x080009d1   Thumb Code    48  dfixul.o(.text)
    __aeabi_cdrcmple                         0x08000a01   Thumb Code    38  cdrcmple.o(.text)
    __scatterload                            0x08000a29   Thumb Code    28  init.o(.text)
    __scatterload_rt2                        0x08000a29   Thumb Code     0  init.o(.text)
    isspace                                  0x08000a4d   Thumb Code    10  isspace_c.o(.text)
    __vfscanf                                0x08000a59   Thumb Code   806  _scanf.o(.text)
    __aeabi_i2d                              0x08000d85   Thumb Code    34  dflti.o(.text)
    __aeabi_d2iz                             0x08000da7   Thumb Code    62  dfixi.o(.text)
    __ctype_lookup                           0x08000de5   Thumb Code    34  ctype_c.o(.text)
    __decompress                             0x08000e0d   Thumb Code     0  __dczerorl2.o(.text)
    __decompress1                            0x08000e0d   Thumb Code    92  __dczerorl2.o(.text)
    BMI160_Config_0                          0x08000e69   Thumb Code   556  main.o(i.BMI160_Config_0)
    BMI160_Config_1                          0x080010bd   Thumb Code   556  main.o(i.BMI160_Config_1)
    BMI160_Getdata_0                         0x08001311   Thumb Code    60  main.o(i.BMI160_Getdata_0)
    BMI160_Getdata_1                         0x0800135d   Thumb Code    60  main.o(i.BMI160_Getdata_1)
    BMI160_Read_ID_0                         0x080013a9   Thumb Code    76  main.o(i.BMI160_Read_ID_0)
    BMI160_Read_ID_1                         0x08001411   Thumb Code    76  main.o(i.BMI160_Read_ID_1)
    BMI_Process                              0x08001479   Thumb Code    82  main.o(i.BMI_Process)
    BusFault_Handler                         0x080014e1   Thumb Code     4  stm32f4xx_it.o(i.BusFault_Handler)
    CDC_Transmit_FS                          0x0800156d   Thumb Code    50  usbd_cdc_if.o(i.CDC_Transmit_FS)
    CMD_Process                              0x080015a5   Thumb Code  2706  main.o(i.CMD_Process)
    DMA2_Stream2_IRQHandler                  0x08002039   Thumb Code    10  stm32f4xx_it.o(i.DMA2_Stream2_IRQHandler)
    DMA2_Stream7_IRQHandler                  0x08002049   Thumb Code    10  stm32f4xx_it.o(i.DMA2_Stream7_IRQHandler)
    DebugMon_Handler                         0x08002163   Thumb Code     2  stm32f4xx_it.o(i.DebugMon_Handler)
    Error_Handler                            0x08002165   Thumb Code     2  main.o(i.Error_Handler)
    Freq0_Init                               0x08002169   Thumb Code   160  main.o(i.Freq0_Init)
    Freq1_Init                               0x0800221d   Thumb Code   160  main.o(i.Freq1_Init)
    HAL_DMA_Abort                            0x08002305   Thumb Code   168  stm32f4xx_hal_dma.o(i.HAL_DMA_Abort)
    HAL_DMA_Abort_IT                         0x080023ad   Thumb Code    40  stm32f4xx_hal_dma.o(i.HAL_DMA_Abort_IT)
    HAL_DMA_IRQHandler                       0x080023d5   Thumb Code   564  stm32f4xx_hal_dma.o(i.HAL_DMA_IRQHandler)
    HAL_DMA_Init                             0x0800260d   Thumb Code   230  stm32f4xx_hal_dma.o(i.HAL_DMA_Init)
    HAL_DMA_Start_IT                         0x080026f9   Thumb Code   146  stm32f4xx_hal_dma.o(i.HAL_DMA_Start_IT)
    HAL_Delay                                0x0800278d   Thumb Code    36  stm32f4xx_hal.o(i.HAL_Delay)
    HAL_GPIO_Init                            0x080027b5   Thumb Code   466  stm32f4xx_hal_gpio.o(i.HAL_GPIO_Init)
    HAL_GPIO_WritePin                        0x080029b5   Thumb Code    12  stm32f4xx_hal_gpio.o(i.HAL_GPIO_WritePin)
    HAL_GetTick                              0x080029c1   Thumb Code     6  stm32f4xx_hal.o(i.HAL_GetTick)
    HAL_IncTick                              0x080029cd   Thumb Code    16  stm32f4xx_hal.o(i.HAL_IncTick)
    HAL_Init                                 0x080029e5   Thumb Code    54  stm32f4xx_hal.o(i.HAL_Init)
    HAL_InitTick                             0x08002a21   Thumb Code    64  stm32f4xx_hal.o(i.HAL_InitTick)
    HAL_MspInit                              0x08002a6d   Thumb Code    68  stm32f4xx_hal_msp.o(i.HAL_MspInit)
    HAL_NVIC_EnableIRQ                       0x08002ab5   Thumb Code    36  stm32f4xx_hal_cortex.o(i.HAL_NVIC_EnableIRQ)
    HAL_NVIC_SetPriority                     0x08002ad9   Thumb Code   124  stm32f4xx_hal_cortex.o(i.HAL_NVIC_SetPriority)
    HAL_NVIC_SetPriorityGrouping             0x08002b55   Thumb Code    32  stm32f4xx_hal_cortex.o(i.HAL_NVIC_SetPriorityGrouping)
    HAL_PCDEx_LPM_Callback                   0x08002b7d   Thumb Code     2  stm32f4xx_hal_pcd_ex.o(i.HAL_PCDEx_LPM_Callback)
    HAL_PCDEx_SetRxFiFo                      0x08002b7f   Thumb Code    10  stm32f4xx_hal_pcd_ex.o(i.HAL_PCDEx_SetRxFiFo)
    HAL_PCDEx_SetTxFiFo                      0x08002b89   Thumb Code    78  stm32f4xx_hal_pcd_ex.o(i.HAL_PCDEx_SetTxFiFo)
    HAL_PCD_ConnectCallback                  0x08002bd7   Thumb Code    16  usbd_conf.o(i.HAL_PCD_ConnectCallback)
    HAL_PCD_DataInStageCallback              0x08002be7   Thumb Code    34  usbd_conf.o(i.HAL_PCD_DataInStageCallback)
    HAL_PCD_DataOutStageCallback             0x08002c09   Thumb Code    34  usbd_conf.o(i.HAL_PCD_DataOutStageCallback)
    HAL_PCD_DisconnectCallback               0x08002c2b   Thumb Code    16  usbd_conf.o(i.HAL_PCD_DisconnectCallback)
    HAL_PCD_EP_Close                         0x08002c3b   Thumb Code   106  stm32f4xx_hal_pcd.o(i.HAL_PCD_EP_Close)
    HAL_PCD_EP_ClrStall                      0x08002ca5   Thumb Code   124  stm32f4xx_hal_pcd.o(i.HAL_PCD_EP_ClrStall)
    HAL_PCD_EP_GetRxCount                    0x08002d21   Thumb Code    22  stm32f4xx_hal_pcd.o(i.HAL_PCD_EP_GetRxCount)
    HAL_PCD_EP_Open                          0x08002d37   Thumb Code   140  stm32f4xx_hal_pcd.o(i.HAL_PCD_EP_Open)
    HAL_PCD_EP_Receive                       0x08002dc3   Thumb Code    88  stm32f4xx_hal_pcd.o(i.HAL_PCD_EP_Receive)
    HAL_PCD_EP_SetStall                      0x08002e1b   Thumb Code   138  stm32f4xx_hal_pcd.o(i.HAL_PCD_EP_SetStall)
    HAL_PCD_EP_Transmit                      0x08002ea5   Thumb Code    90  stm32f4xx_hal_pcd.o(i.HAL_PCD_EP_Transmit)
    HAL_PCD_IRQHandler                       0x08002eff   Thumb Code  1338  stm32f4xx_hal_pcd.o(i.HAL_PCD_IRQHandler)
    HAL_PCD_ISOINIncompleteCallback          0x08003439   Thumb Code    20  usbd_conf.o(i.HAL_PCD_ISOINIncompleteCallback)
    HAL_PCD_ISOOUTIncompleteCallback         0x0800344d   Thumb Code    20  usbd_conf.o(i.HAL_PCD_ISOOUTIncompleteCallback)
    HAL_PCD_Init                             0x08003461   Thumb Code   358  stm32f4xx_hal_pcd.o(i.HAL_PCD_Init)
    HAL_PCD_MspInit                          0x080035c9   Thumb Code   160  usbd_conf.o(i.HAL_PCD_MspInit)
    HAL_PCD_ResetCallback                    0x08003671   Thumb Code    52  usbd_conf.o(i.HAL_PCD_ResetCallback)
    HAL_PCD_ResumeCallback                   0x080036a5   Thumb Code    16  usbd_conf.o(i.HAL_PCD_ResumeCallback)
    HAL_PCD_SOFCallback                      0x080036b5   Thumb Code    16  usbd_conf.o(i.HAL_PCD_SOFCallback)
    HAL_PCD_SetAddress                       0x080036c5   Thumb Code    54  stm32f4xx_hal_pcd.o(i.HAL_PCD_SetAddress)
    HAL_PCD_SetupStageCallback               0x080036fb   Thumb Code    20  usbd_conf.o(i.HAL_PCD_SetupStageCallback)
    HAL_PCD_Start                            0x0800370f   Thumb Code    74  stm32f4xx_hal_pcd.o(i.HAL_PCD_Start)
    HAL_PCD_SuspendCallback                  0x08003759   Thumb Code    48  usbd_conf.o(i.HAL_PCD_SuspendCallback)
    HAL_RCC_ClockConfig                      0x0800378d   Thumb Code   366  stm32f4xx_hal_rcc.o(i.HAL_RCC_ClockConfig)
    HAL_RCC_GetHCLKFreq                      0x08003911   Thumb Code     6  stm32f4xx_hal_rcc.o(i.HAL_RCC_GetHCLKFreq)
    HAL_RCC_GetPCLK1Freq                     0x0800391d   Thumb Code    22  stm32f4xx_hal_rcc.o(i.HAL_RCC_GetPCLK1Freq)
    HAL_RCC_GetPCLK2Freq                     0x0800393d   Thumb Code    22  stm32f4xx_hal_rcc.o(i.HAL_RCC_GetPCLK2Freq)
    HAL_RCC_GetSysClockFreq                  0x0800395d   Thumb Code   162  stm32f4xx_hal_rcc.o(i.HAL_RCC_GetSysClockFreq)
    HAL_RCC_OscConfig                        0x08003a0d   Thumb Code  1148  stm32f4xx_hal_rcc.o(i.HAL_RCC_OscConfig)
    HAL_SPI_Init                             0x08003e91   Thumb Code   140  stm32f4xx_hal_spi.o(i.HAL_SPI_Init)
    HAL_SPI_MspInit                          0x08003f1d   Thumb Code   124  stm32f4xx_hal_msp.o(i.HAL_SPI_MspInit)
    HAL_SPI_Receive                          0x08003fa5   Thumb Code   356  stm32f4xx_hal_spi.o(i.HAL_SPI_Receive)
    HAL_SPI_Transmit                         0x08004109   Thumb Code   418  stm32f4xx_hal_spi.o(i.HAL_SPI_Transmit)
    HAL_SPI_TransmitReceive                  0x080042ab   Thumb Code   554  stm32f4xx_hal_spi.o(i.HAL_SPI_TransmitReceive)
    HAL_SYSTICK_Config                       0x080044d5   Thumb Code    52  stm32f4xx_hal_cortex.o(i.HAL_SYSTICK_Config)
    HAL_TIMEx_BreakCallback                  0x08004509   Thumb Code     2  stm32f4xx_hal_tim_ex.o(i.HAL_TIMEx_BreakCallback)
    HAL_TIMEx_CommutCallback                 0x0800450b   Thumb Code     2  stm32f4xx_hal_tim_ex.o(i.HAL_TIMEx_CommutCallback)
    HAL_TIM_Base_Init                        0x0800450d   Thumb Code    52  stm32f4xx_hal_tim.o(i.HAL_TIM_Base_Init)
    HAL_TIM_Base_MspInit                     0x08004541   Thumb Code    84  stm32f4xx_hal_msp.o(i.HAL_TIM_Base_MspInit)
    HAL_TIM_Base_Start_IT                    0x080045a1   Thumb Code    42  stm32f4xx_hal_tim.o(i.HAL_TIM_Base_Start_IT)
    HAL_TIM_Base_Stop_IT                     0x080045cb   Thumb Code    56  stm32f4xx_hal_tim.o(i.HAL_TIM_Base_Stop_IT)
    HAL_TIM_IC_CaptureCallback               0x08004603   Thumb Code     2  stm32f4xx_hal_tim.o(i.HAL_TIM_IC_CaptureCallback)
    HAL_TIM_IRQHandler                       0x08004605   Thumb Code   406  stm32f4xx_hal_tim.o(i.HAL_TIM_IRQHandler)
    HAL_TIM_OC_DelayElapsedCallback          0x0800479b   Thumb Code     2  stm32f4xx_hal_tim.o(i.HAL_TIM_OC_DelayElapsedCallback)
    HAL_TIM_PWM_PulseFinishedCallback        0x0800479d   Thumb Code     2  stm32f4xx_hal_tim.o(i.HAL_TIM_PWM_PulseFinishedCallback)
    HAL_TIM_PeriodElapsedCallback            0x080047a1   Thumb Code   204  main.o(i.HAL_TIM_PeriodElapsedCallback)
    HAL_TIM_TriggerCallback                  0x080048a5   Thumb Code     2  stm32f4xx_hal_tim.o(i.HAL_TIM_TriggerCallback)
    HAL_UART_DMAStop                         0x080048a7   Thumb Code   102  stm32f4xx_hal_uart.o(i.HAL_UART_DMAStop)
    HAL_UART_ErrorCallback                   0x0800490d   Thumb Code     2  stm32f4xx_hal_uart.o(i.HAL_UART_ErrorCallback)
    HAL_UART_IRQHandler                      0x08004911   Thumb Code   334  stm32f4xx_hal_uart.o(i.HAL_UART_IRQHandler)
    HAL_UART_Init                            0x08004a65   Thumb Code   114  stm32f4xx_hal_uart.o(i.HAL_UART_Init)
    HAL_UART_MspInit                         0x08004ad9   Thumb Code   266  stm32f4xx_hal_msp.o(i.HAL_UART_MspInit)
    HAL_UART_Receive_DMA                     0x08004bfd   Thumb Code   182  stm32f4xx_hal_uart.o(i.HAL_UART_Receive_DMA)
    HAL_UART_RxCpltCallback                  0x08004cc1   Thumb Code     2  stm32f4xx_hal_uart.o(i.HAL_UART_RxCpltCallback)
    HAL_UART_RxHalfCpltCallback              0x08004cc3   Thumb Code     2  stm32f4xx_hal_uart.o(i.HAL_UART_RxHalfCpltCallback)
    HAL_UART_Transmit                        0x08004cc5   Thumb Code   216  stm32f4xx_hal_uart.o(i.HAL_UART_Transmit)
    HAL_UART_TxCpltCallback                  0x08004d9d   Thumb Code     2  stm32f4xx_hal_uart.o(i.HAL_UART_TxCpltCallback)
    HardFault_Handler                        0x08004d9f   Thumb Code     4  stm32f4xx_it.o(i.HardFault_Handler)
    MX_USB_DEVICE_Init                       0x08005129   Thumb Code    60  usb_device.o(i.MX_USB_DEVICE_Init)
    MemManage_Handler                        0x08005175   Thumb Code     4  stm32f4xx_it.o(i.MemManage_Handler)
    NMI_Handler                              0x08005179   Thumb Code     2  stm32f4xx_it.o(i.NMI_Handler)
    OTG_FS_IRQHandler                        0x0800517d   Thumb Code    10  stm32f4xx_it.o(i.OTG_FS_IRQHandler)
    PendSV_Handler                           0x0800544b   Thumb Code     2  stm32f4xx_it.o(i.PendSV_Handler)
    SVC_Handler                              0x080055f5   Thumb Code     2  stm32f4xx_it.o(i.SVC_Handler)
    SysTick_Handler                          0x080055f7   Thumb Code     8  stm32f4xx_it.o(i.SysTick_Handler)
    SystemClock_Config                       0x08005601   Thumb Code   170  main.o(i.SystemClock_Config)
    SystemInit                               0x080056b5   Thumb Code    24  system_stm32f4xx.o(i.SystemInit)
    TIM6_DAC_IRQHandler                      0x080056d1   Thumb Code    10  stm32f4xx_it.o(i.TIM6_DAC_IRQHandler)
    TIM7_IRQHandler                          0x080056e1   Thumb Code    10  stm32f4xx_it.o(i.TIM7_IRQHandler)
    TIM_Base_SetConfig                       0x080056f1   Thumb Code   170  stm32f4xx_hal_tim.o(i.TIM_Base_SetConfig)
    USART1_IRQHandler                        0x08005e3d   Thumb Code    86  main.o(i.USART1_IRQHandler)
    USBD_CDC_GetDeviceQualifierDescriptor    0x08005fd5   Thumb Code    10  usbd_cdc.o(i.USBD_CDC_GetDeviceQualifierDescriptor)
    USBD_CDC_ReceivePacket                   0x080060cd   Thumb Code    58  usbd_cdc.o(i.USBD_CDC_ReceivePacket)
    USBD_CDC_RegisterInterface               0x08006107   Thumb Code    14  usbd_cdc.o(i.USBD_CDC_RegisterInterface)
    USBD_CDC_SetRxBuffer                     0x08006115   Thumb Code    14  usbd_cdc.o(i.USBD_CDC_SetRxBuffer)
    USBD_CDC_SetTxBuffer                     0x08006123   Thumb Code    20  usbd_cdc.o(i.USBD_CDC_SetTxBuffer)
    USBD_CDC_TransmitPacket                  0x0800622b   Thumb Code    62  usbd_cdc.o(i.USBD_CDC_TransmitPacket)
    USBD_ClrClassConfig                      0x08006269   Thumb Code    22  usbd_core.o(i.USBD_ClrClassConfig)
    USBD_CtlContinueRx                       0x080062bd   Thumb Code    24  usbd_ioreq.o(i.USBD_CtlContinueRx)
    USBD_CtlContinueSendData                 0x080062d5   Thumb Code    24  usbd_ioreq.o(i.USBD_CtlContinueSendData)
    USBD_CtlError                            0x080062ed   Thumb Code    24  usbd_ctlreq.o(i.USBD_CtlError)
    USBD_CtlPrepareRx                        0x08006305   Thumb Code    40  usbd_ioreq.o(i.USBD_CtlPrepareRx)
    USBD_CtlReceiveStatus                    0x0800632d   Thumb Code    26  usbd_ioreq.o(i.USBD_CtlReceiveStatus)
    USBD_CtlSendData                         0x08006347   Thumb Code    34  usbd_ioreq.o(i.USBD_CtlSendData)
    USBD_CtlSendStatus                       0x08006369   Thumb Code    26  usbd_ioreq.o(i.USBD_CtlSendStatus)
    USBD_FS_ConfigStrDescriptor              0x08006385   Thumb Code    34  usbd_desc.o(i.USBD_FS_ConfigStrDescriptor)
    USBD_FS_DeviceDescriptor                 0x080063b9   Thumb Code    10  usbd_desc.o(i.USBD_FS_DeviceDescriptor)
    USBD_FS_InterfaceStrDescriptor           0x080063c9   Thumb Code    34  usbd_desc.o(i.USBD_FS_InterfaceStrDescriptor)
    USBD_FS_LangIDStrDescriptor              0x08006401   Thumb Code    10  usbd_desc.o(i.USBD_FS_LangIDStrDescriptor)
    USBD_FS_ManufacturerStrDescriptor        0x08006411   Thumb Code    20  usbd_desc.o(i.USBD_FS_ManufacturerStrDescriptor)
    USBD_FS_ProductStrDescriptor             0x0800643d   Thumb Code    34  usbd_desc.o(i.USBD_FS_ProductStrDescriptor)
    USBD_FS_SerialStrDescriptor              0x0800647d   Thumb Code    18  usbd_desc.o(i.USBD_FS_SerialStrDescriptor)
    USBD_GetString                           0x080066ab   Thumb Code    82  usbd_ctlreq.o(i.USBD_GetString)
    USBD_Get_USB_Status                      0x080066fd   Thumb Code    44  usbd_conf.o(i.USBD_Get_USB_Status)
    USBD_Init                                0x08006729   Thumb Code    50  usbd_core.o(i.USBD_Init)
    USBD_LL_ClearStallEP                     0x0800675b   Thumb Code    38  usbd_conf.o(i.USBD_LL_ClearStallEP)
    USBD_LL_CloseEP                          0x08006781   Thumb Code    38  usbd_conf.o(i.USBD_LL_CloseEP)
    USBD_LL_DataInStage                      0x080067a7   Thumb Code   256  usbd_core.o(i.USBD_LL_DataInStage)
    USBD_LL_DataOutStage                     0x080068a7   Thumb Code   166  usbd_core.o(i.USBD_LL_DataOutStage)
    USBD_LL_DevConnected                     0x0800694d   Thumb Code     6  usbd_core.o(i.USBD_LL_DevConnected)
    USBD_LL_DevDisconnected                  0x08006953   Thumb Code    26  usbd_core.o(i.USBD_LL_DevDisconnected)
    USBD_LL_GetRxDataSize                    0x0800696d   Thumb Code    18  usbd_conf.o(i.USBD_LL_GetRxDataSize)
    USBD_LL_Init                             0x08006981   Thumb Code   100  usbd_conf.o(i.USBD_LL_Init)
    USBD_LL_IsStallEP                        0x080069e9   Thumb Code    56  usbd_conf.o(i.USBD_LL_IsStallEP)
    USBD_LL_IsoINIncomplete                  0x08006a21   Thumb Code     6  usbd_core.o(i.USBD_LL_IsoINIncomplete)
    USBD_LL_IsoOUTIncomplete                 0x08006a27   Thumb Code     6  usbd_core.o(i.USBD_LL_IsoOUTIncomplete)
    USBD_LL_OpenEP                           0x08006a2d   Thumb Code    48  usbd_conf.o(i.USBD_LL_OpenEP)
    USBD_LL_PrepareReceive                   0x08006a5d   Thumb Code    48  usbd_conf.o(i.USBD_LL_PrepareReceive)
    USBD_LL_Reset                            0x08006a8d   Thumb Code    92  usbd_core.o(i.USBD_LL_Reset)
    USBD_LL_Resume                           0x08006ae9   Thumb Code    14  usbd_core.o(i.USBD_LL_Resume)
    USBD_LL_SOF                              0x08006af7   Thumb Code    34  usbd_core.o(i.USBD_LL_SOF)
    USBD_LL_SetSpeed                         0x08006b19   Thumb Code     8  usbd_core.o(i.USBD_LL_SetSpeed)
    USBD_LL_SetUSBAddress                    0x08006b21   Thumb Code    38  usbd_conf.o(i.USBD_LL_SetUSBAddress)
    USBD_LL_SetupStage                       0x08006b47   Thumb Code   110  usbd_core.o(i.USBD_LL_SetupStage)
    USBD_LL_StallEP                          0x08006bb5   Thumb Code    38  usbd_conf.o(i.USBD_LL_StallEP)
    USBD_LL_Start                            0x08006bdb   Thumb Code    30  usbd_conf.o(i.USBD_LL_Start)
    USBD_LL_Suspend                          0x08006bf9   Thumb Code    20  usbd_core.o(i.USBD_LL_Suspend)
    USBD_LL_Transmit                         0x08006c0d   Thumb Code    48  usbd_conf.o(i.USBD_LL_Transmit)
    USBD_ParseSetupRequest                   0x08006c3d   Thumb Code    40  usbd_ctlreq.o(i.USBD_ParseSetupRequest)
    USBD_RegisterClass                       0x08006c65   Thumb Code    16  usbd_core.o(i.USBD_RegisterClass)
    USBD_RunTestMode                         0x08006c75   Thumb Code     6  usbd_core.o(i.USBD_RunTestMode)
    USBD_SetClassConfig                      0x08006cd5   Thumb Code    34  usbd_core.o(i.USBD_SetClassConfig)
    USBD_Start                               0x08006df9   Thumb Code    14  usbd_core.o(i.USBD_Start)
    USBD_StdDevReq                           0x08006e07   Thumb Code   162  usbd_ctlreq.o(i.USBD_StdDevReq)
    USBD_StdEPReq                            0x08006ea9   Thumb Code   568  usbd_ctlreq.o(i.USBD_StdEPReq)
    USBD_StdItfReq                           0x080070e1   Thumb Code   126  usbd_ctlreq.o(i.USBD_StdItfReq)
    USB_ActivateEndpoint                     0x08007161   Thumb Code   198  stm32f4xx_ll_usb.o(i.USB_ActivateEndpoint)
    USB_ActivateSetup                        0x0800722d   Thumb Code    70  stm32f4xx_ll_usb.o(i.USB_ActivateSetup)
    USB_CoreInit                             0x08007275   Thumb Code   128  stm32f4xx_ll_usb.o(i.USB_CoreInit)
    USB_DeactivateEndpoint                   0x08007341   Thumb Code   182  stm32f4xx_ll_usb.o(i.USB_DeactivateEndpoint)
    USB_DevConnect                           0x08007405   Thumb Code    32  stm32f4xx_ll_usb.o(i.USB_DevConnect)
    USB_DevDisconnect                        0x08007425   Thumb Code    32  stm32f4xx_ll_usb.o(i.USB_DevDisconnect)
    USB_DevInit                              0x08007445   Thumb Code   488  stm32f4xx_ll_usb.o(i.USB_DevInit)
    USB_DisableGlobalInt                     0x0800763d   Thumb Code    14  stm32f4xx_ll_usb.o(i.USB_DisableGlobalInt)
    USB_EP0StartXfer                         0x0800764d   Thumb Code   468  stm32f4xx_ll_usb.o(i.USB_EP0StartXfer)
    USB_EP0_OutStart                         0x08007825   Thumb Code   106  stm32f4xx_ll_usb.o(i.USB_EP0_OutStart)
    USB_EPClearStall                         0x08007895   Thumb Code   142  stm32f4xx_ll_usb.o(i.USB_EPClearStall)
    USB_EPSetStall                           0x08007923   Thumb Code   154  stm32f4xx_ll_usb.o(i.USB_EPSetStall)
    USB_EPStartXfer                          0x080079bd   Thumb Code   832  stm32f4xx_ll_usb.o(i.USB_EPStartXfer)
    USB_EnableGlobalInt                      0x08007d01   Thumb Code    14  stm32f4xx_ll_usb.o(i.USB_EnableGlobalInt)
    USB_FlushRxFifo                          0x08007d11   Thumb Code    38  stm32f4xx_ll_usb.o(i.USB_FlushRxFifo)
    USB_FlushTxFifo                          0x08007d3d   Thumb Code    44  stm32f4xx_ll_usb.o(i.USB_FlushTxFifo)
    USB_GetDevSpeed                          0x08007d6d   Thumb Code    38  stm32f4xx_ll_usb.o(i.USB_GetDevSpeed)
    USB_GetMode                              0x08007d93   Thumb Code    10  stm32f4xx_ll_usb.o(i.USB_GetMode)
    USB_ReadDevAllInEpInterrupt              0x08007d9d   Thumb Code    20  stm32f4xx_ll_usb.o(i.USB_ReadDevAllInEpInterrupt)
    USB_ReadDevAllOutEpInterrupt             0x08007db1   Thumb Code    20  stm32f4xx_ll_usb.o(i.USB_ReadDevAllOutEpInterrupt)
    USB_ReadDevInEPInterrupt                 0x08007dc5   Thumb Code    50  stm32f4xx_ll_usb.o(i.USB_ReadDevInEPInterrupt)
    USB_ReadDevOutEPInterrupt                0x08007df7   Thumb Code    26  stm32f4xx_ll_usb.o(i.USB_ReadDevOutEPInterrupt)
    USB_ReadInterrupts                       0x08007e11   Thumb Code    10  stm32f4xx_ll_usb.o(i.USB_ReadInterrupts)
    USB_ReadPacket                           0x08007e1b   Thumb Code    34  stm32f4xx_ll_usb.o(i.USB_ReadPacket)
    USB_SetCurrentMode                       0x08007e3d   Thumb Code    54  stm32f4xx_ll_usb.o(i.USB_SetCurrentMode)
    USB_SetDevAddress                        0x08007e73   Thumb Code    46  stm32f4xx_ll_usb.o(i.USB_SetDevAddress)
    USB_SetDevSpeed                          0x08007ea1   Thumb Code    24  stm32f4xx_ll_usb.o(i.USB_SetDevSpeed)
    USB_SetTurnaroundTime                    0x08007eb9   Thumb Code   192  stm32f4xx_ll_usb.o(i.USB_SetTurnaroundTime)
    USB_WritePacket                          0x08007fa1   Thumb Code    60  stm32f4xx_ll_usb.o(i.USB_WritePacket)
    UsageFault_Handler                       0x08007fdd   Thumb Code     4  stm32f4xx_it.o(i.UsageFault_Handler)
    __0vsprintf                              0x08007fe1   Thumb Code    30  printfa.o(i.__0vsprintf)
    __1vsprintf                              0x08007fe1   Thumb Code     0  printfa.o(i.__0vsprintf)
    __2vsprintf                              0x08007fe1   Thumb Code     0  printfa.o(i.__0vsprintf)
    __c89vsprintf                            0x08007fe1   Thumb Code     0  printfa.o(i.__0vsprintf)
    vsprintf                                 0x08007fe1   Thumb Code     0  printfa.o(i.__0vsprintf)
    __ARM_fpclassify                         0x08008005   Thumb Code    48  fpclassify.o(i.__ARM_fpclassify)
    __hardfp_sin                             0x08008071   Thumb Code   200  sin.o(i.__hardfp_sin)
    __hardfp_sqrt                            0x08008149   Thumb Code   122  sqrt.o(i.__hardfp_sqrt)
    __ieee754_rem_pio2                       0x080081c9   Thumb Code   972  rred.o(i.__ieee754_rem_pio2)
    __kernel_cos                             0x08008621   Thumb Code   322  cos_i.o(i.__kernel_cos)
    __kernel_poly                            0x08008791   Thumb Code   248  poly.o(i.__kernel_poly)
    __kernel_sin                             0x08008889   Thumb Code   280  sin_i.o(i.__kernel_sin)
    __mathlib_dbl_underflow                  0x080089b9   Thumb Code    24  dunder.o(i.__mathlib_dbl_underflow)
    __scatterload_copy                       0x080089d9   Thumb Code    14  handlers.o(i.__scatterload_copy)
    __scatterload_null                       0x080089e7   Thumb Code     2  handlers.o(i.__scatterload_null)
    __scatterload_zeroinit                   0x080089e9   Thumb Code    14  handlers.o(i.__scatterload_zeroinit)
    __set_errno                              0x080089f9   Thumb Code     6  errno.o(i.__set_errno)
    fabs                                     0x080092b1   Thumb Code    32  fabs.o(i.fabs)
    free                                     0x080092d1   Thumb Code    76  malloc.o(i.free)
    info_printf                              0x08009321   Thumb Code    56  main.o(i.info_printf)
    main                                     0x08009361   Thumb Code   120  main.o(i.main)
    malloc                                   0x080093f5   Thumb Code    92  malloc.o(i.malloc)
    AHBPrescTable                            0x080094fd   Data          16  system_stm32f4xx.o(.constdata)
    APBPrescTable                            0x0800950d   Data           8  system_stm32f4xx.o(.constdata)
    __ctype_categories                       0x08009638   Data          64  ctype_c.o(.constdata)
    Region$$Table$$Base                      0x08009678   Number         0  anon$$obj.o(Region$$Table)
    Region$$Table$$Limit                     0x08009698   Number         0  anon$$obj.o(Region$$Table)
    status                                   0x20000000   Data           1  main.o(.data)
    rx_len                                   0x20000001   Data           1  main.o(.data)
    recv_end_flag                            0x20000002   Data           1  main.o(.data)
    freqT                                    0x20000004   Data           4  main.o(.data)
    freq0                                    0x20000008   Data           4  main.o(.data)
    freq1                                    0x2000000c   Data           4  main.o(.data)
    gl_cnt                                   0x20000010   Data           8  main.o(.data)
    gl_lasttime                              0x20000018   Data           4  main.o(.data)
    buffer_SIZE                              0x2000001c   Data           2  main.o(.data)
    BMI_lasttime                             0x20000020   Data           4  main.o(.data)
    addr                                     0x20000024   Data           1  main.o(.data)
    accxl                                    0x20000025   Data           1  main.o(.data)
    accxh                                    0x20000026   Data           1  main.o(.data)
    accyl                                    0x20000027   Data           1  main.o(.data)
    accyh                                    0x20000028   Data           1  main.o(.data)
    acczl                                    0x20000029   Data           1  main.o(.data)
    acczh                                    0x2000002a   Data           1  main.o(.data)
    BMI_count                                0x2000002c   Data           4  main.o(.data)
    clk_cnt0                                 0x20000030   Data           4  main.o(.data)
    clk_cnt1                                 0x20000034   Data           4  main.o(.data)
    data_cnt0                                0x20000038   Data           1  main.o(.data)
    data_cnt1                                0x20000039   Data           1  main.o(.data)
    select0                                  0x2000003a   Data           1  main.o(.data)
    select1                                  0x2000003b   Data           1  main.o(.data)
    FS_Desc                                  0x2000003c   Data          28  usbd_desc.o(.data)
    USBD_FS_DeviceDesc                       0x20000058   Data          18  usbd_desc.o(.data)
    USBD_LangIDDesc                          0x2000006c   Data           4  usbd_desc.o(.data)
    USBD_StringSerial                        0x20000070   Data          26  usbd_desc.o(.data)
    USBD_Interface_fops_FS                   0x2000008c   Data          16  usbd_cdc_if.o(.data)
    uindex                                   0x2000009c   Data           1  usbd_cdc_if.o(.data)
    uwTickPrio                               0x200000a0   Data           4  stm32f4xx_hal.o(.data)
    uwTickFreq                               0x200000a4   Data           1  stm32f4xx_hal.o(.data)
    uwTick                                   0x200000a8   Data           4  stm32f4xx_hal.o(.data)
    SystemCoreClock                          0x200000ac   Data           4  system_stm32f4xx.o(.data)
    USBD_CDC                                 0x200000c0   Data          56  usbd_cdc.o(.data)
    USBD_CDC_CfgHSDesc                       0x200000f8   Data          67  usbd_cdc.o(.data)
    USBD_CDC_CfgFSDesc                       0x2000013c   Data          67  usbd_cdc.o(.data)
    USBD_CDC_OtherSpeedCfgDesc               0x20000180   Data          67  usbd_cdc.o(.data)
    __microlib_freelist                      0x200001c4   Data           4  mvars.o(.data)
    __microlib_freelist_initialised          0x200001c8   Data           4  mvars.o(.data)
    BMI_buff_0                               0x200001d0   Data          12  main.o(.bss)
    BMI_buff_1                               0x200001dc   Data          12  main.o(.bss)
    hspi2                                    0x200001e8   Data          88  main.o(.bss)
    htim6                                    0x20000240   Data          64  main.o(.bss)
    htim7                                    0x20000280   Data          64  main.o(.bss)
    huart1                                   0x200002c0   Data          64  main.o(.bss)
    hdma_usart1_rx                           0x20000300   Data          96  main.o(.bss)
    hdma_usart1_tx                           0x20000360   Data          96  main.o(.bss)
    hdma_memtomem_dma2_stream0               0x200003c0   Data          96  main.o(.bss)
    rx_buffer                                0x20000420   Data        1024  main.o(.bss)
    tx_buffer                                0x20000820   Data        1024  main.o(.bss)
    data_poll0                               0x20000c20   Data         512  main.o(.bss)
    data_poll1                               0x20000e20   Data         512  main.o(.bss)
    data_poll00                              0x20001020   Data         512  main.o(.bss)
    data_poll11                              0x20001220   Data         512  main.o(.bss)
    hUsbDeviceFS                             0x20001420   Data         668  usb_device.o(.bss)
    hpcd_USB_OTG_FS                          0x200016bc   Data        1032  usbd_conf.o(.bss)
    USBD_StrDesc                             0x20001ac4   Data         512  usbd_desc.o(.bss)
    UserRxBufferFS                           0x20001cc4   Data        2048  usbd_cdc_if.o(.bss)
    UserTxBufferFS                           0x200024c4   Data        2048  usbd_cdc_if.o(.bss)
    __heap_base                              0x20002cc8   Data           0  startup_stm32f407xx.o(HEAP)
    __heap_limit                             0x20003cc8   Data           0  startup_stm32f407xx.o(HEAP)
    __initial_sp                             0x200040c8   Data           0  startup_stm32f407xx.o(STACK)



==============================================================================

Memory Map of the image

  Image Entry point : 0x08000189

  Load Region LR_IROM1 (Base: 0x08000000, Size: 0x00009868, Max: 0x00080000, ABSOLUTE, COMPRESSED[0x00009764])

    Execution Region ER_IROM1 (Base: 0x08000000, Size: 0x00009698, Max: 0x00080000, ABSOLUTE)

    Base Addr    Size         Type   Attr      Idx    E Section Name        Object

    0x08000000   0x00000188   Data   RO         1009    RESET               startup_stm32f407xx.o
    0x08000188   0x00000000   Code   RO         4820  * .ARM.Collect$$$$00000000  mc_w.l(entry.o)
    0x08000188   0x00000004   Code   RO         4917    .ARM.Collect$$$$00000001  mc_w.l(entry2.o)
    0x0800018c   0x00000004   Code   RO         4920    .ARM.Collect$$$$00000004  mc_w.l(entry5.o)
    0x08000190   0x00000000   Code   RO         4922    .ARM.Collect$$$$00000008  mc_w.l(entry7b.o)
    0x08000190   0x00000000   Code   RO         4924    .ARM.Collect$$$$0000000A  mc_w.l(entry8b.o)
    0x08000190   0x00000008   Code   RO         4925    .ARM.Collect$$$$0000000B  mc_w.l(entry9a.o)
    0x08000198   0x00000000   Code   RO         4927    .ARM.Collect$$$$0000000D  mc_w.l(entry10a.o)
    0x08000198   0x00000000   Code   RO         4929    .ARM.Collect$$$$0000000F  mc_w.l(entry11a.o)
    0x08000198   0x00000004   Code   RO         4918    .ARM.Collect$$$$00002712  mc_w.l(entry2.o)
    0x0800019c   0x00000024   Code   RO         1010    .text               startup_stm32f407xx.o
    0x080001c0   0x00000062   Code   RO         4823    .text               mc_w.l(uldiv.o)
    0x08000222   0x00000024   Code   RO         4825    .text               mc_w.l(memcpya.o)
    0x08000246   0x00000024   Code   RO         4827    .text               mc_w.l(memseta.o)
    0x0800026a   0x0000000e   Code   RO         4829    .text               mc_w.l(strlen.o)
    0x08000278   0x00000038   Code   RO         4889    .text               mc_w.l(__0sscanf.o)
    0x080002b0   0x00000150   Code   RO         4891    .text               mc_w.l(_scanf_int.o)
    0x08000400   0x0000014e   Code   RO         4893    .text               mf_w.l(dadd.o)
    0x0800054e   0x000000e4   Code   RO         4895    .text               mf_w.l(dmul.o)
    0x08000632   0x000000de   Code   RO         4897    .text               mf_w.l(ddiv.o)
    0x08000710   0x0000001a   Code   RO         4899    .text               mf_w.l(dfltui.o)
    0x0800072a   0x00000032   Code   RO         4901    .text               mf_w.l(dfixui.o)
    0x0800075c   0x0000002c   Code   RO         4934    .text               mc_w.l(uidiv.o)
    0x08000788   0x0000001e   Code   RO         4936    .text               mc_w.l(llshl.o)
    0x080007a6   0x00000020   Code   RO         4938    .text               mc_w.l(llushr.o)
    0x080007c6   0x00000024   Code   RO         4940    .text               mc_w.l(llsshr.o)
    0x080007ea   0x0000001c   Code   RO         4951    .text               mc_w.l(_chval.o)
    0x08000806   0x00000002   PAD
    0x08000808   0x00000028   Code   RO         4953    .text               mc_w.l(scanf_char.o)
    0x08000830   0x00000040   Code   RO         4955    .text               mc_w.l(_sgetc.o)
    0x08000870   0x00000000   Code   RO         4957    .text               mc_w.l(iusefp.o)
    0x08000870   0x000000be   Code   RO         4958    .text               mf_w.l(depilogue.o)
    0x0800092e   0x000000a2   Code   RO         4962    .text               mf_w.l(dsqrt.o)
    0x080009d0   0x00000030   Code   RO         4964    .text               mf_w.l(dfixul.o)
    0x08000a00   0x00000028   Code   RO         4968    .text               mf_w.l(cdrcmple.o)
    0x08000a28   0x00000024   Code   RO         4982    .text               mc_w.l(init.o)
    0x08000a4c   0x0000000a   Code   RO         4985    .text               mc_w.l(isspace_c.o)
    0x08000a56   0x00000002   PAD
    0x08000a58   0x0000032c   Code   RO         4987    .text               mc_w.l(_scanf.o)
    0x08000d84   0x00000022   Code   RO         4990    .text               mf_w.l(dflti.o)
    0x08000da6   0x0000003e   Code   RO         4992    .text               mf_w.l(dfixi.o)
    0x08000de4   0x00000028   Code   RO         4994    .text               mc_w.l(ctype_c.o)
    0x08000e0c   0x0000005c   Code   RO         5005    .text               mc_w.l(__dczerorl2.o)
    0x08000e68   0x00000254   Code   RO            4    i.BMI160_Config_0   main.o
    0x080010bc   0x00000254   Code   RO            5    i.BMI160_Config_1   main.o
    0x08001310   0x0000004c   Code   RO            6    i.BMI160_Getdata_0  main.o
    0x0800135c   0x0000004c   Code   RO            7    i.BMI160_Getdata_1  main.o
    0x080013a8   0x00000068   Code   RO            8    i.BMI160_Read_ID_0  main.o
    0x08001410   0x00000068   Code   RO            9    i.BMI160_Read_ID_1  main.o
    0x08001478   0x00000068   Code   RO           10    i.BMI_Process       main.o
    0x080014e0   0x00000004   Code   RO          843    i.BusFault_Handler  stm32f4xx_it.o
    0x080014e4   0x00000044   Code   RO          778    i.CDC_Control_FS    usbd_cdc_if.o
    0x08001528   0x00000004   Code   RO          779    i.CDC_DeInit_FS     usbd_cdc_if.o
    0x0800152c   0x00000024   Code   RO          780    i.CDC_Init_FS       usbd_cdc_if.o
    0x08001550   0x0000001c   Code   RO          781    i.CDC_Receive_FS    usbd_cdc_if.o
    0x0800156c   0x00000038   Code   RO          782    i.CDC_Transmit_FS   usbd_cdc_if.o
    0x080015a4   0x00000a92   Code   RO           11    i.CMD_Process       main.o
    0x08002036   0x00000002   PAD
    0x08002038   0x00000010   Code   RO          844    i.DMA2_Stream2_IRQHandler  stm32f4xx_it.o
    0x08002048   0x00000010   Code   RO          845    i.DMA2_Stream7_IRQHandler  stm32f4xx_it.o
    0x08002058   0x00000034   Code   RO         3686    i.DMA_CalcBaseAndBitshift  stm32f4xx_hal_dma.o
    0x0800208c   0x000000aa   Code   RO         3687    i.DMA_CheckFifoParam  stm32f4xx_hal_dma.o
    0x08002136   0x0000002c   Code   RO         3688    i.DMA_SetConfig     stm32f4xx_hal_dma.o
    0x08002162   0x00000002   Code   RO          846    i.DebugMon_Handler  stm32f4xx_it.o
    0x08002164   0x00000002   Code   RO           12    i.Error_Handler     main.o
    0x08002166   0x00000002   PAD
    0x08002168   0x000000b4   Code   RO           13    i.Freq0_Init        main.o
    0x0800221c   0x000000b4   Code   RO           14    i.Freq1_Init        main.o
    0x080022d0   0x00000034   Code   RO          688    i.Get_SerialNum     usbd_desc.o
    0x08002304   0x000000a8   Code   RO         3689    i.HAL_DMA_Abort     stm32f4xx_hal_dma.o
    0x080023ac   0x00000028   Code   RO         3690    i.HAL_DMA_Abort_IT  stm32f4xx_hal_dma.o
    0x080023d4   0x00000238   Code   RO         3694    i.HAL_DMA_IRQHandler  stm32f4xx_hal_dma.o
    0x0800260c   0x000000ec   Code   RO         3695    i.HAL_DMA_Init      stm32f4xx_hal_dma.o
    0x080026f8   0x00000092   Code   RO         3699    i.HAL_DMA_Start_IT  stm32f4xx_hal_dma.o
    0x0800278a   0x00000002   PAD
    0x0800278c   0x00000028   Code   RO         4113    i.HAL_Delay         stm32f4xx_hal.o
    0x080027b4   0x00000200   Code   RO         3582    i.HAL_GPIO_Init     stm32f4xx_hal_gpio.o
    0x080029b4   0x0000000c   Code   RO         3586    i.HAL_GPIO_WritePin  stm32f4xx_hal_gpio.o
    0x080029c0   0x0000000c   Code   RO         4119    i.HAL_GetTick       stm32f4xx_hal.o
    0x080029cc   0x00000018   Code   RO         4125    i.HAL_IncTick       stm32f4xx_hal.o
    0x080029e4   0x0000003c   Code   RO         4126    i.HAL_Init          stm32f4xx_hal.o
    0x08002a20   0x0000004c   Code   RO         4127    i.HAL_InitTick      stm32f4xx_hal.o
    0x08002a6c   0x00000048   Code   RO          949    i.HAL_MspInit       stm32f4xx_hal_msp.o
    0x08002ab4   0x00000024   Code   RO         3971    i.HAL_NVIC_EnableIRQ  stm32f4xx_hal_cortex.o
    0x08002ad8   0x0000007c   Code   RO         3977    i.HAL_NVIC_SetPriority  stm32f4xx_hal_cortex.o
    0x08002b54   0x00000028   Code   RO         3978    i.HAL_NVIC_SetPriorityGrouping  stm32f4xx_hal_cortex.o
    0x08002b7c   0x00000002   Code   RO         1243    i.HAL_PCDEx_LPM_Callback  stm32f4xx_hal_pcd_ex.o
    0x08002b7e   0x0000000a   Code   RO         1244    i.HAL_PCDEx_SetRxFiFo  stm32f4xx_hal_pcd_ex.o
    0x08002b88   0x0000004e   Code   RO         1245    i.HAL_PCDEx_SetTxFiFo  stm32f4xx_hal_pcd_ex.o
    0x08002bd6   0x00000010   Code   RO          493    i.HAL_PCD_ConnectCallback  usbd_conf.o
    0x08002be6   0x00000022   Code   RO          494    i.HAL_PCD_DataInStageCallback  usbd_conf.o
    0x08002c08   0x00000022   Code   RO          495    i.HAL_PCD_DataOutStageCallback  usbd_conf.o
    0x08002c2a   0x00000010   Code   RO          496    i.HAL_PCD_DisconnectCallback  usbd_conf.o
    0x08002c3a   0x0000006a   Code   RO         1026    i.HAL_PCD_EP_Close  stm32f4xx_hal_pcd.o
    0x08002ca4   0x0000007c   Code   RO         1027    i.HAL_PCD_EP_ClrStall  stm32f4xx_hal_pcd.o
    0x08002d20   0x00000016   Code   RO         1029    i.HAL_PCD_EP_GetRxCount  stm32f4xx_hal_pcd.o
    0x08002d36   0x0000008c   Code   RO         1030    i.HAL_PCD_EP_Open   stm32f4xx_hal_pcd.o
    0x08002dc2   0x00000058   Code   RO         1031    i.HAL_PCD_EP_Receive  stm32f4xx_hal_pcd.o
    0x08002e1a   0x0000008a   Code   RO         1032    i.HAL_PCD_EP_SetStall  stm32f4xx_hal_pcd.o
    0x08002ea4   0x0000005a   Code   RO         1033    i.HAL_PCD_EP_Transmit  stm32f4xx_hal_pcd.o
    0x08002efe   0x0000053a   Code   RO         1035    i.HAL_PCD_IRQHandler  stm32f4xx_hal_pcd.o
    0x08003438   0x00000014   Code   RO          497    i.HAL_PCD_ISOINIncompleteCallback  usbd_conf.o
    0x0800344c   0x00000014   Code   RO          498    i.HAL_PCD_ISOOUTIncompleteCallback  usbd_conf.o
    0x08003460   0x00000166   Code   RO         1038    i.HAL_PCD_Init      stm32f4xx_hal_pcd.o
    0x080035c6   0x00000002   PAD
    0x080035c8   0x000000a8   Code   RO          500    i.HAL_PCD_MspInit   usbd_conf.o
    0x08003670   0x00000034   Code   RO          501    i.HAL_PCD_ResetCallback  usbd_conf.o
    0x080036a4   0x00000010   Code   RO          502    i.HAL_PCD_ResumeCallback  usbd_conf.o
    0x080036b4   0x00000010   Code   RO          503    i.HAL_PCD_SOFCallback  usbd_conf.o
    0x080036c4   0x00000036   Code   RO         1044    i.HAL_PCD_SetAddress  stm32f4xx_hal_pcd.o
    0x080036fa   0x00000014   Code   RO          504    i.HAL_PCD_SetupStageCallback  usbd_conf.o
    0x0800370e   0x0000004a   Code   RO         1046    i.HAL_PCD_Start     stm32f4xx_hal_pcd.o
    0x08003758   0x00000034   Code   RO          505    i.HAL_PCD_SuspendCallback  usbd_conf.o
    0x0800378c   0x00000184   Code   RO         3183    i.HAL_RCC_ClockConfig  stm32f4xx_hal_rcc.o
    0x08003910   0x0000000c   Code   RO         3188    i.HAL_RCC_GetHCLKFreq  stm32f4xx_hal_rcc.o
    0x0800391c   0x00000020   Code   RO         3190    i.HAL_RCC_GetPCLK1Freq  stm32f4xx_hal_rcc.o
    0x0800393c   0x00000020   Code   RO         3191    i.HAL_RCC_GetPCLK2Freq  stm32f4xx_hal_rcc.o
    0x0800395c   0x000000b0   Code   RO         3192    i.HAL_RCC_GetSysClockFreq  stm32f4xx_hal_rcc.o
    0x08003a0c   0x00000484   Code   RO         3195    i.HAL_RCC_OscConfig  stm32f4xx_hal_rcc.o
    0x08003e90   0x0000008c   Code   RO         1601    i.HAL_SPI_Init      stm32f4xx_hal_spi.o
    0x08003f1c   0x00000088   Code   RO          951    i.HAL_SPI_MspInit   stm32f4xx_hal_msp.o
    0x08003fa4   0x00000164   Code   RO         1604    i.HAL_SPI_Receive   stm32f4xx_hal_spi.o
    0x08004108   0x000001a2   Code   RO         1609    i.HAL_SPI_Transmit  stm32f4xx_hal_spi.o
    0x080042aa   0x0000022a   Code   RO         1610    i.HAL_SPI_TransmitReceive  stm32f4xx_hal_spi.o
    0x080044d4   0x00000034   Code   RO         3982    i.HAL_SYSTICK_Config  stm32f4xx_hal_cortex.o
    0x08004508   0x00000002   Code   RO         2600    i.HAL_TIMEx_BreakCallback  stm32f4xx_hal_tim_ex.o
    0x0800450a   0x00000002   Code   RO         2601    i.HAL_TIMEx_CommutCallback  stm32f4xx_hal_tim_ex.o
    0x0800450c   0x00000034   Code   RO         1914    i.HAL_TIM_Base_Init  stm32f4xx_hal_tim.o
    0x08004540   0x00000060   Code   RO          953    i.HAL_TIM_Base_MspInit  stm32f4xx_hal_msp.o
    0x080045a0   0x0000002a   Code   RO         1919    i.HAL_TIM_Base_Start_IT  stm32f4xx_hal_tim.o
    0x080045ca   0x00000038   Code   RO         1922    i.HAL_TIM_Base_Stop_IT  stm32f4xx_hal_tim.o
    0x08004602   0x00000002   Code   RO         1943    i.HAL_TIM_IC_CaptureCallback  stm32f4xx_hal_tim.o
    0x08004604   0x00000196   Code   RO         1957    i.HAL_TIM_IRQHandler  stm32f4xx_hal_tim.o
    0x0800479a   0x00000002   Code   RO         1960    i.HAL_TIM_OC_DelayElapsedCallback  stm32f4xx_hal_tim.o
    0x0800479c   0x00000002   Code   RO         1987    i.HAL_TIM_PWM_PulseFinishedCallback  stm32f4xx_hal_tim.o
    0x0800479e   0x00000002   PAD
    0x080047a0   0x00000104   Code   RO           15    i.HAL_TIM_PeriodElapsedCallback  main.o
    0x080048a4   0x00000002   Code   RO         2000    i.HAL_TIM_TriggerCallback  stm32f4xx_hal_tim.o
    0x080048a6   0x00000066   Code   RO         2870    i.HAL_UART_DMAStop  stm32f4xx_hal_uart.o
    0x0800490c   0x00000002   Code   RO         2872    i.HAL_UART_ErrorCallback  stm32f4xx_hal_uart.o
    0x0800490e   0x00000002   PAD
    0x08004910   0x00000154   Code   RO         2875    i.HAL_UART_IRQHandler  stm32f4xx_hal_uart.o
    0x08004a64   0x00000072   Code   RO         2876    i.HAL_UART_Init     stm32f4xx_hal_uart.o
    0x08004ad6   0x00000002   PAD
    0x08004ad8   0x00000124   Code   RO          955    i.HAL_UART_MspInit  stm32f4xx_hal_msp.o
    0x08004bfc   0x000000c4   Code   RO         2880    i.HAL_UART_Receive_DMA  stm32f4xx_hal_uart.o
    0x08004cc0   0x00000002   Code   RO         2882    i.HAL_UART_RxCpltCallback  stm32f4xx_hal_uart.o
    0x08004cc2   0x00000002   Code   RO         2883    i.HAL_UART_RxHalfCpltCallback  stm32f4xx_hal_uart.o
    0x08004cc4   0x000000d8   Code   RO         2884    i.HAL_UART_Transmit  stm32f4xx_hal_uart.o
    0x08004d9c   0x00000002   Code   RO         2887    i.HAL_UART_TxCpltCallback  stm32f4xx_hal_uart.o
    0x08004d9e   0x00000004   Code   RO          847    i.HardFault_Handler  stm32f4xx_it.o
    0x08004da2   0x0000003e   Code   RO          689    i.IntToUnicode      usbd_desc.o
    0x08004de0   0x00000090   Code   RO           16    i.MX_DMA_Init       main.o
    0x08004e70   0x00000190   Code   RO           17    i.MX_GPIO_Init      main.o
    0x08005000   0x00000024   Code   RO           18    i.MX_NVIC_Init      main.o
    0x08005024   0x00000044   Code   RO           19    i.MX_SPI2_Init      main.o
    0x08005068   0x00000034   Code   RO           20    i.MX_TIM6_Init      main.o
    0x0800509c   0x00000034   Code   RO           21    i.MX_TIM7_Init      main.o
    0x080050d0   0x00000058   Code   RO           22    i.MX_USART1_UART_Init  main.o
    0x08005128   0x0000004c   Code   RO          315    i.MX_USB_DEVICE_Init  usb_device.o
    0x08005174   0x00000004   Code   RO          848    i.MemManage_Handler  stm32f4xx_it.o
    0x08005178   0x00000002   Code   RO          849    i.NMI_Handler       stm32f4xx_it.o
    0x0800517a   0x00000002   PAD
    0x0800517c   0x00000010   Code   RO          850    i.OTG_FS_IRQHandler  stm32f4xx_it.o
    0x0800518c   0x0000008c   Code   RO         1049    i.PCD_EP_OutSetupPacket_int  stm32f4xx_hal_pcd.o
    0x08005218   0x0000017c   Code   RO         1050    i.PCD_EP_OutXfrComplete_int  stm32f4xx_hal_pcd.o
    0x08005394   0x000000b6   Code   RO         1051    i.PCD_WriteEmptyTxFifo  stm32f4xx_hal_pcd.o
    0x0800544a   0x00000002   Code   RO          851    i.PendSV_Handler    stm32f4xx_it.o
    0x0800544c   0x00000094   Code   RO         1638    i.SPI_EndRxTransaction  stm32f4xx_hal_spi.o
    0x080054e0   0x0000006c   Code   RO         1639    i.SPI_EndRxTxTransaction  stm32f4xx_hal_spi.o
    0x0800554c   0x000000a8   Code   RO         1644    i.SPI_WaitFlagStateUntilTimeout  stm32f4xx_hal_spi.o
    0x080055f4   0x00000002   Code   RO          852    i.SVC_Handler       stm32f4xx_it.o
    0x080055f6   0x00000008   Code   RO          853    i.SysTick_Handler   stm32f4xx_it.o
    0x080055fe   0x00000002   PAD
    0x08005600   0x000000b4   Code   RO           23    i.SystemClock_Config  main.o
    0x080056b4   0x0000001c   Code   RO         4365    i.SystemInit        system_stm32f4xx.o
    0x080056d0   0x00000010   Code   RO          854    i.TIM6_DAC_IRQHandler  stm32f4xx_it.o
    0x080056e0   0x00000010   Code   RO          855    i.TIM7_IRQHandler   stm32f4xx_it.o
    0x080056f0   0x000000d8   Code   RO         2002    i.TIM_Base_SetConfig  stm32f4xx_hal_tim.o
    0x080057c8   0x00000014   Code   RO         2889    i.UART_DMAAbortOnError  stm32f4xx_hal_uart.o
    0x080057dc   0x00000050   Code   RO         2890    i.UART_DMAError     stm32f4xx_hal_uart.o
    0x0800582c   0x00000046   Code   RO         2891    i.UART_DMAReceiveCplt  stm32f4xx_hal_uart.o
    0x08005872   0x0000000e   Code   RO         2893    i.UART_DMARxHalfCplt  stm32f4xx_hal_uart.o
    0x08005880   0x00000020   Code   RO         2899    i.UART_EndRxTransfer  stm32f4xx_hal_uart.o
    0x080058a0   0x00000020   Code   RO         2900    i.UART_EndTransmit_IT  stm32f4xx_hal_uart.o
    0x080058c0   0x00000014   Code   RO         2901    i.UART_EndTxTransfer  stm32f4xx_hal_uart.o
    0x080058d4   0x000000a8   Code   RO         2902    i.UART_Receive_IT   stm32f4xx_hal_uart.o
    0x0800597c   0x000003e8   Code   RO         2903    i.UART_SetConfig    stm32f4xx_hal_uart.o
    0x08005d64   0x0000006a   Code   RO         2904    i.UART_Transmit_IT  stm32f4xx_hal_uart.o
    0x08005dce   0x0000006c   Code   RO         2905    i.UART_WaitOnFlagUntilTimeout  stm32f4xx_hal_uart.o
    0x08005e3a   0x00000002   PAD
    0x08005e3c   0x00000068   Code   RO           24    i.USART1_IRQHandler  main.o
    0x08005ea4   0x0000007c   Code   RO         4694    i.USBD_CDC_DataIn   usbd_cdc.o
    0x08005f20   0x00000034   Code   RO         4695    i.USBD_CDC_DataOut  usbd_cdc.o
    0x08005f54   0x0000004e   Code   RO         4696    i.USBD_CDC_DeInit   usbd_cdc.o
    0x08005fa2   0x00000032   Code   RO         4697    i.USBD_CDC_EP0_RxReady  usbd_cdc.o
    0x08005fd4   0x00000010   Code   RO         4698    i.USBD_CDC_GetDeviceQualifierDescriptor  usbd_cdc.o
    0x08005fe4   0x00000010   Code   RO         4699    i.USBD_CDC_GetFSCfgDesc  usbd_cdc.o
    0x08005ff4   0x00000010   Code   RO         4700    i.USBD_CDC_GetHSCfgDesc  usbd_cdc.o
    0x08006004   0x00000010   Code   RO         4701    i.USBD_CDC_GetOtherSpeedCfgDesc  usbd_cdc.o
    0x08006014   0x000000b8   Code   RO         4702    i.USBD_CDC_Init     usbd_cdc.o
    0x080060cc   0x0000003a   Code   RO         4703    i.USBD_CDC_ReceivePacket  usbd_cdc.o
    0x08006106   0x0000000e   Code   RO         4704    i.USBD_CDC_RegisterInterface  usbd_cdc.o
    0x08006114   0x0000000e   Code   RO         4705    i.USBD_CDC_SetRxBuffer  usbd_cdc.o
    0x08006122   0x00000014   Code   RO         4706    i.USBD_CDC_SetTxBuffer  usbd_cdc.o
    0x08006136   0x000000f4   Code   RO         4707    i.USBD_CDC_Setup    usbd_cdc.o
    0x0800622a   0x0000003e   Code   RO         4708    i.USBD_CDC_TransmitPacket  usbd_cdc.o
    0x08006268   0x00000016   Code   RO         4401    i.USBD_ClrClassConfig  usbd_core.o
    0x0800627e   0x0000003e   Code   RO         4539    i.USBD_ClrFeature   usbd_ctlreq.o
    0x080062bc   0x00000018   Code   RO         4634    i.USBD_CtlContinueRx  usbd_ioreq.o
    0x080062d4   0x00000018   Code   RO         4635    i.USBD_CtlContinueSendData  usbd_ioreq.o
    0x080062ec   0x00000018   Code   RO         4540    i.USBD_CtlError     usbd_ctlreq.o
    0x08006304   0x00000028   Code   RO         4636    i.USBD_CtlPrepareRx  usbd_ioreq.o
    0x0800632c   0x0000001a   Code   RO         4637    i.USBD_CtlReceiveStatus  usbd_ioreq.o
    0x08006346   0x00000022   Code   RO         4638    i.USBD_CtlSendData  usbd_ioreq.o
    0x08006368   0x0000001a   Code   RO         4639    i.USBD_CtlSendStatus  usbd_ioreq.o
    0x08006382   0x00000002   PAD
    0x08006384   0x00000034   Code   RO          690    i.USBD_FS_ConfigStrDescriptor  usbd_desc.o
    0x080063b8   0x00000010   Code   RO          691    i.USBD_FS_DeviceDescriptor  usbd_desc.o
    0x080063c8   0x00000038   Code   RO          692    i.USBD_FS_InterfaceStrDescriptor  usbd_desc.o
    0x08006400   0x00000010   Code   RO          693    i.USBD_FS_LangIDStrDescriptor  usbd_desc.o
    0x08006410   0x0000002c   Code   RO          694    i.USBD_FS_ManufacturerStrDescriptor  usbd_desc.o
    0x0800643c   0x00000040   Code   RO          695    i.USBD_FS_ProductStrDescriptor  usbd_desc.o
    0x0800647c   0x00000018   Code   RO          696    i.USBD_FS_SerialStrDescriptor  usbd_desc.o
    0x08006494   0x00000056   Code   RO         4541    i.USBD_GetConfig    usbd_ctlreq.o
    0x080064ea   0x00000152   Code   RO         4542    i.USBD_GetDescriptor  usbd_ctlreq.o
    0x0800663c   0x00000014   Code   RO         4543    i.USBD_GetLen       usbd_ctlreq.o
    0x08006650   0x0000005a   Code   RO         4544    i.USBD_GetStatus    usbd_ctlreq.o
    0x080066aa   0x00000052   Code   RO         4545    i.USBD_GetString    usbd_ctlreq.o
    0x080066fc   0x0000002c   Code   RO          506    i.USBD_Get_USB_Status  usbd_conf.o
    0x08006728   0x00000032   Code   RO         4403    i.USBD_Init         usbd_core.o
    0x0800675a   0x00000026   Code   RO          507    i.USBD_LL_ClearStallEP  usbd_conf.o
    0x08006780   0x00000026   Code   RO          508    i.USBD_LL_CloseEP   usbd_conf.o
    0x080067a6   0x00000100   Code   RO         4404    i.USBD_LL_DataInStage  usbd_core.o
    0x080068a6   0x000000a6   Code   RO         4405    i.USBD_LL_DataOutStage  usbd_core.o
    0x0800694c   0x00000006   Code   RO         4406    i.USBD_LL_DevConnected  usbd_core.o
    0x08006952   0x0000001a   Code   RO         4407    i.USBD_LL_DevDisconnected  usbd_core.o
    0x0800696c   0x00000012   Code   RO          512    i.USBD_LL_GetRxDataSize  usbd_conf.o
    0x0800697e   0x00000002   PAD
    0x08006980   0x00000068   Code   RO          513    i.USBD_LL_Init      usbd_conf.o
    0x080069e8   0x00000038   Code   RO          514    i.USBD_LL_IsStallEP  usbd_conf.o
    0x08006a20   0x00000006   Code   RO         4408    i.USBD_LL_IsoINIncomplete  usbd_core.o
    0x08006a26   0x00000006   Code   RO         4409    i.USBD_LL_IsoOUTIncomplete  usbd_core.o
    0x08006a2c   0x00000030   Code   RO          515    i.USBD_LL_OpenEP    usbd_conf.o
    0x08006a5c   0x00000030   Code   RO          516    i.USBD_LL_PrepareReceive  usbd_conf.o
    0x08006a8c   0x0000005c   Code   RO         4410    i.USBD_LL_Reset     usbd_core.o
    0x08006ae8   0x0000000e   Code   RO         4411    i.USBD_LL_Resume    usbd_core.o
    0x08006af6   0x00000022   Code   RO         4412    i.USBD_LL_SOF       usbd_core.o
    0x08006b18   0x00000008   Code   RO         4413    i.USBD_LL_SetSpeed  usbd_core.o
    0x08006b20   0x00000026   Code   RO          517    i.USBD_LL_SetUSBAddress  usbd_conf.o
    0x08006b46   0x0000006e   Code   RO         4414    i.USBD_LL_SetupStage  usbd_core.o
    0x08006bb4   0x00000026   Code   RO          518    i.USBD_LL_StallEP   usbd_conf.o
    0x08006bda   0x0000001e   Code   RO          519    i.USBD_LL_Start     usbd_conf.o
    0x08006bf8   0x00000014   Code   RO         4415    i.USBD_LL_Suspend   usbd_core.o
    0x08006c0c   0x00000030   Code   RO          521    i.USBD_LL_Transmit  usbd_conf.o
    0x08006c3c   0x00000028   Code   RO         4546    i.USBD_ParseSetupRequest  usbd_ctlreq.o
    0x08006c64   0x00000010   Code   RO         4416    i.USBD_RegisterClass  usbd_core.o
    0x08006c74   0x00000006   Code   RO         4417    i.USBD_RunTestMode  usbd_core.o
    0x08006c7a   0x0000005a   Code   RO         4547    i.USBD_SetAddress   usbd_ctlreq.o
    0x08006cd4   0x00000022   Code   RO         4418    i.USBD_SetClassConfig  usbd_core.o
    0x08006cf6   0x00000002   PAD
    0x08006cf8   0x000000e8   Code   RO         4548    i.USBD_SetConfig    usbd_ctlreq.o
    0x08006de0   0x00000018   Code   RO         4549    i.USBD_SetFeature   usbd_ctlreq.o
    0x08006df8   0x0000000e   Code   RO         4419    i.USBD_Start        usbd_core.o
    0x08006e06   0x000000a2   Code   RO         4550    i.USBD_StdDevReq    usbd_ctlreq.o
    0x08006ea8   0x00000238   Code   RO         4551    i.USBD_StdEPReq     usbd_ctlreq.o
    0x080070e0   0x0000007e   Code   RO         4552    i.USBD_StdItfReq    usbd_ctlreq.o
    0x0800715e   0x00000002   PAD
    0x08007160   0x000000cc   Code   RO         1285    i.USB_ActivateEndpoint  stm32f4xx_ll_usb.o
    0x0800722c   0x00000046   Code   RO         1287    i.USB_ActivateSetup  stm32f4xx_ll_usb.o
    0x08007272   0x00000002   PAD
    0x08007274   0x00000084   Code   RO         1289    i.USB_CoreInit      stm32f4xx_ll_usb.o
    0x080072f8   0x00000048   Code   RO         1290    i.USB_CoreReset     stm32f4xx_ll_usb.o
    0x08007340   0x000000c4   Code   RO         1293    i.USB_DeactivateEndpoint  stm32f4xx_ll_usb.o
    0x08007404   0x00000020   Code   RO         1294    i.USB_DevConnect    stm32f4xx_ll_usb.o
    0x08007424   0x00000020   Code   RO         1295    i.USB_DevDisconnect  stm32f4xx_ll_usb.o
    0x08007444   0x000001f8   Code   RO         1296    i.USB_DevInit       stm32f4xx_ll_usb.o
    0x0800763c   0x0000000e   Code   RO         1297    i.USB_DisableGlobalInt  stm32f4xx_ll_usb.o
    0x0800764a   0x00000002   PAD
    0x0800764c   0x000001d8   Code   RO         1300    i.USB_EP0StartXfer  stm32f4xx_ll_usb.o
    0x08007824   0x00000070   Code   RO         1301    i.USB_EP0_OutStart  stm32f4xx_ll_usb.o
    0x08007894   0x0000008e   Code   RO         1302    i.USB_EPClearStall  stm32f4xx_ll_usb.o
    0x08007922   0x0000009a   Code   RO         1303    i.USB_EPSetStall    stm32f4xx_ll_usb.o
    0x080079bc   0x00000344   Code   RO         1304    i.USB_EPStartXfer   stm32f4xx_ll_usb.o
    0x08007d00   0x0000000e   Code   RO         1305    i.USB_EnableGlobalInt  stm32f4xx_ll_usb.o
    0x08007d0e   0x00000002   PAD
    0x08007d10   0x0000002c   Code   RO         1306    i.USB_FlushRxFifo   stm32f4xx_ll_usb.o
    0x08007d3c   0x00000030   Code   RO         1307    i.USB_FlushTxFifo   stm32f4xx_ll_usb.o
    0x08007d6c   0x00000026   Code   RO         1309    i.USB_GetDevSpeed   stm32f4xx_ll_usb.o
    0x08007d92   0x0000000a   Code   RO         1311    i.USB_GetMode       stm32f4xx_ll_usb.o
    0x08007d9c   0x00000014   Code   RO         1318    i.USB_ReadDevAllInEpInterrupt  stm32f4xx_ll_usb.o
    0x08007db0   0x00000014   Code   RO         1319    i.USB_ReadDevAllOutEpInterrupt  stm32f4xx_ll_usb.o
    0x08007dc4   0x00000032   Code   RO         1320    i.USB_ReadDevInEPInterrupt  stm32f4xx_ll_usb.o
    0x08007df6   0x0000001a   Code   RO         1321    i.USB_ReadDevOutEPInterrupt  stm32f4xx_ll_usb.o
    0x08007e10   0x0000000a   Code   RO         1322    i.USB_ReadInterrupts  stm32f4xx_ll_usb.o
    0x08007e1a   0x00000022   Code   RO         1323    i.USB_ReadPacket    stm32f4xx_ll_usb.o
    0x08007e3c   0x00000036   Code   RO         1325    i.USB_SetCurrentMode  stm32f4xx_ll_usb.o
    0x08007e72   0x0000002e   Code   RO         1326    i.USB_SetDevAddress  stm32f4xx_ll_usb.o
    0x08007ea0   0x00000018   Code   RO         1327    i.USB_SetDevSpeed   stm32f4xx_ll_usb.o
    0x08007eb8   0x000000e8   Code   RO         1328    i.USB_SetTurnaroundTime  stm32f4xx_ll_usb.o
    0x08007fa0   0x0000003c   Code   RO         1331    i.USB_WritePacket   stm32f4xx_ll_usb.o
    0x08007fdc   0x00000004   Code   RO          856    i.UsageFault_Handler  stm32f4xx_it.o
    0x08007fe0   0x00000024   Code   RO         4840    i.__0vsprintf       mc_w.l(printfa.o)
    0x08008004   0x00000030   Code   RO         4978    i.__ARM_fpclassify  m_wm.l(fpclassify.o)
    0x08008034   0x00000010   Code   RO         3984    i.__NVIC_GetPriorityGrouping  stm32f4xx_hal_cortex.o
    0x08008044   0x00000028   Code   RO         3985    i.__NVIC_SetPriority  stm32f4xx_hal_cortex.o
    0x0800806c   0x00000004   PAD
    0x08008070   0x000000d8   Code   RO         4796    i.__hardfp_sin      m_wm.l(sin.o)
    0x08008148   0x0000007a   Code   RO         4808    i.__hardfp_sqrt     m_wm.l(sqrt.o)
    0x080081c2   0x00000006   PAD
    0x080081c8   0x00000458   Code   RO         4906    i.__ieee754_rem_pio2  m_wm.l(rred.o)
    0x08008620   0x00000170   Code   RO         4903    i.__kernel_cos      m_wm.l(cos_i.o)
    0x08008790   0x000000f8   Code   RO         4980    i.__kernel_poly     m_wm.l(poly.o)
    0x08008888   0x00000130   Code   RO         4911    i.__kernel_sin      m_wm.l(sin_i.o)
    0x080089b8   0x00000020   Code   RO         4970    i.__mathlib_dbl_underflow  m_wm.l(dunder.o)
    0x080089d8   0x0000000e   Code   RO         4999    i.__scatterload_copy  mc_w.l(handlers.o)
    0x080089e6   0x00000002   Code   RO         5000    i.__scatterload_null  mc_w.l(handlers.o)
    0x080089e8   0x0000000e   Code   RO         5001    i.__scatterload_zeroinit  mc_w.l(handlers.o)
    0x080089f6   0x00000002   PAD
    0x080089f8   0x0000000c   Code   RO         4946    i.__set_errno       mc_w.l(errno.o)
    0x08008a04   0x0000015c   Code   RO         4841    i._fp_digits        mc_w.l(printfa.o)
    0x08008b60   0x000006f0   Code   RO         4842    i._printf_core      mc_w.l(printfa.o)
    0x08009250   0x00000026   Code   RO         4843    i._printf_post_padding  mc_w.l(printfa.o)
    0x08009276   0x00000030   Code   RO         4844    i._printf_pre_padding  mc_w.l(printfa.o)
    0x080092a6   0x0000000a   Code   RO         4846    i._sputc            mc_w.l(printfa.o)
    0x080092b0   0x00000020   Code   RO         4974    i.fabs              m_wm.l(fabs.o)
    0x080092d0   0x00000050   Code   RO         4861    i.free              mc_w.l(malloc.o)
    0x08009320   0x00000040   Code   RO           25    i.info_printf       main.o
    0x08009360   0x00000094   Code   RO           26    i.main              main.o
    0x080093f4   0x0000006c   Code   RO         4862    i.malloc            mc_w.l(malloc.o)
    0x08009460   0x00000095   Data   RO           28    .constdata          main.o
    0x080094f5   0x00000008   Data   RO         3701    .constdata          stm32f4xx_hal_dma.o
    0x080094fd   0x00000018   Data   RO         4366    .constdata          system_stm32f4xx.o
    0x08009515   0x00000003   PAD
    0x08009518   0x00000030   Data   RO         4904    .constdata          m_wm.l(cos_i.o)
    0x08009548   0x000000c8   Data   RO         4908    .constdata          m_wm.l(rred.o)
    0x08009610   0x00000028   Data   RO         4912    .constdata          m_wm.l(sin_i.o)
    0x08009638   0x00000040   Data   RO         4995    .constdata          mc_w.l(ctype_c.o)
    0x08009678   0x00000020   Data   RO         4997    Region$$Table       anon$$obj.o


    Execution Region RW_IRAM1 (Base: 0x20000000, Size: 0x000040c8, Max: 0x00020000, ABSOLUTE, COMPRESSED[0x000000cc])

    Base Addr    Size         Type   Attr      Idx    E Section Name        Object

    0x20000000   0x0000003c   Data   RW           29    .data               main.o
    0x2000003c   0x0000004e   Data   RW          698    .data               usbd_desc.o
    0x2000008a   0x00000002   PAD
    0x2000008c   0x00000011   Data   RW          784    .data               usbd_cdc_if.o
    0x2000009d   0x00000003   PAD
    0x200000a0   0x0000000c   Data   RW         4133    .data               stm32f4xx_hal.o
    0x200000ac   0x00000004   Data   RW         4367    .data               system_stm32f4xx.o
    0x200000b0   0x00000001   Data   RW         4553    .data               usbd_ctlreq.o
    0x200000b1   0x00000003   PAD
    0x200000b4   0x0000010f   Data   RW         4709    .data               usbd_cdc.o
    0x200001c3   0x00000001   PAD
    0x200001c4   0x00000004   Data   RW         4942    .data               mc_w.l(mvars.o)
    0x200001c8   0x00000004   Data   RW         4943    .data               mc_w.l(mvars.o)
    0x200001cc   0x00000004   Data   RW         4947    .data               mc_w.l(errno.o)
    0x200001d0   0x00001250   Zero   RW           27    .bss                main.o
    0x20001420   0x0000029c   Zero   RW          316    .bss                usb_device.o
    0x200016bc   0x00000408   Zero   RW          522    .bss                usbd_conf.o
    0x20001ac4   0x00000200   Zero   RW          697    .bss                usbd_desc.o
    0x20001cc4   0x00001000   Zero   RW          783    .bss                usbd_cdc_if.o
    0x20002cc4   0x00000004   PAD
    0x20002cc8   0x00001000   Zero   RW         1008    HEAP                startup_stm32f407xx.o
    0x20003cc8   0x00000400   Zero   RW         1007    STACK               startup_stm32f407xx.o


==============================================================================

Image component sizes


      Code (inc. data)   RO Data    RW Data    ZI Data      Debug   Object Name

      6320       1246        149         60       4688     711254   main.o
        36          8        392          0       5120        748   startup_stm32f407xx.o
       212         36          0         12          0       8957   stm32f4xx_hal.o
       308         22          0          0          0      34063   stm32f4xx_hal_cortex.o
      1424         16          8          0          0       6454   stm32f4xx_hal_dma.o
       524         46          0          0          0       2140   stm32f4xx_hal_gpio.o
       596         54          0          0          0       2858   stm32f4xx_hal_msp.o
      3234         16          0          0          0      11809   stm32f4xx_hal_pcd.o
        90          0          0          0          0       2197   stm32f4xx_hal_pcd_ex.o
      1796         86          0          0          0       5220   stm32f4xx_hal_rcc.o
      1892          8          0          0          0       7078   stm32f4xx_hal_spi.o
       780         46          0          0          0       5838   stm32f4xx_hal_tim.o
         4          0          0          0          0       1417   stm32f4xx_hal_tim_ex.o
      2626         28          0          0          0      13127   stm32f4xx_hal_uart.o
       112         30          0          0          0       5878   stm32f4xx_it.o
      3702        110          0          0          0      20626   stm32f4xx_ll_usb.o
        28          4         24          4          0        975   system_stm32f4xx.o
        76         16          0          0        668     702072   usb_device.o
       964         24          0        271          0      12374   usbd_cdc.o
       192         22          0         17       4096       3305   usbd_cdc_if.o
      1012         16          0          0       1032      13936   usbd_conf.o
       886          0          0          0          0      11721   usbd_core.o
      1944         28          0          1          0      10048   usbd_ctlreq.o
       386        122          0         78        512       5921   usbd_desc.o
       174          0          0          0          0       4208   usbd_ioreq.o

    ----------------------------------------------------------------------
     29356       1988        608        452      16120    1604224   Object Totals
         0          0         32          0          0          0   (incl. Generated)
        38          4          3          9          4          0   (incl. Padding)

    ----------------------------------------------------------------------

      Code (inc. data)   RO Data    RW Data    ZI Data      Debug   Library Member Name

       368         46         48          0          0        200   cos_i.o
        32          8          0          0          0        124   dunder.o
        32          0          0          0          0        124   fabs.o
        48          0          0          0          0        124   fpclassify.o
       248          0          0          0          0        152   poly.o
      1112        140        200          0          0        188   rred.o
       216         16          0          0          0        152   sin.o
       304         24         40          0          0        208   sin_i.o
       122          0          0          0          0        148   sqrt.o
        56          8          0          0          0         84   __0sscanf.o
        92          0          0          0          0          0   __dczerorl2.o
        28          0          0          0          0         68   _chval.o
       812          6          0          0          0        112   _scanf.o
       336          0          0          0          0         96   _scanf_int.o
        64          0          0          0          0         84   _sgetc.o
        40          6         64          0          0         68   ctype_c.o
         0          0          0          0          0          0   entry.o
         0          0          0          0          0          0   entry10a.o
         0          0          0          0          0          0   entry11a.o
         8          4          0          0          0          0   entry2.o
         4          0          0          0          0          0   entry5.o
         0          0          0          0          0          0   entry7b.o
         0          0          0          0          0          0   entry8b.o
         8          4          0          0          0          0   entry9a.o
        12          6          0          4          0         68   errno.o
        30          0          0          0          0          0   handlers.o
        36          8          0          0          0         68   init.o
        10          0          0          0          0         68   isspace_c.o
         0          0          0          0          0          0   iusefp.o
        30          0          0          0          0         68   llshl.o
        36          0          0          0          0         68   llsshr.o
        32          0          0          0          0         68   llushr.o
       188         20          0          0          0        160   malloc.o
        36          0          0          0          0         68   memcpya.o
        36          0          0          0          0        108   memseta.o
         0          0          0          8          0          0   mvars.o
      2256         86          0          0          0        508   printfa.o
        40          8          0          0          0         84   scanf_char.o
        14          0          0          0          0         68   strlen.o
        44          0          0          0          0         80   uidiv.o
        98          0          0          0          0         92   uldiv.o
        40          2          0          0          0         68   cdrcmple.o
       334          0          0          0          0        148   dadd.o
       222          0          0          0          0        100   ddiv.o
       190          0          0          0          0        176   depilogue.o
        62          0          0          0          0         80   dfixi.o
        50          0          0          0          0         76   dfixui.o
        48          0          0          0          0         68   dfixul.o
        34          0          0          0          0         76   dflti.o
        26          0          0          0          0         76   dfltui.o
       228          0          0          0          0         96   dmul.o
       162          0          0          0          0        100   dsqrt.o

    ----------------------------------------------------------------------
      8236        392        352         12          0       4572   Library Totals
        12          0          0          0          0          0   (incl. Padding)

    ----------------------------------------------------------------------

      Code (inc. data)   RO Data    RW Data    ZI Data      Debug   Library Name

      2482        234        288          0          0       1420   m_wm.l
      4346        156         64         12          0       2088   mc_w.l
      1396          2          0          0          0       1064   mf_w.l

    ----------------------------------------------------------------------
      8236        392        352         12          0       4572   Library Totals

    ----------------------------------------------------------------------

==============================================================================


      Code (inc. data)   RO Data    RW Data    ZI Data      Debug   

     37592       2380        960        464      16120    1582280   Grand Totals
     37592       2380        960        204      16120    1582280   ELF Image Totals (compressed)
     37592       2380        960        204          0          0   ROM Totals

==============================================================================

    Total RO  Size (Code + RO Data)                38552 (  37.65kB)
    Total RW  Size (RW Data + ZI Data)             16584 (  16.20kB)
    Total ROM Size (Code + RO Data + RW Data)      38756 (  37.85kB)

==============================================================================

